Component: ARM Compiler 5.06 update 6 (build 750) Tool: armlink [4d35ed]

==============================================================================

Section Cross References

    startup_stm32f030x6.o(RESET) refers to startup_stm32f030x6.o(STACK) for __initial_sp
    startup_stm32f030x6.o(RESET) refers to startup_stm32f030x6.o(.text) for Reset_Handler
    startup_stm32f030x6.o(RESET) refers to stm32f0xx_it.o(i.NMI_Handler) for NMI_Handler
    startup_stm32f030x6.o(RESET) refers to stm32f0xx_it.o(i.HardFault_Handler) for HardFault_Handler
    startup_stm32f030x6.o(RESET) refers to port.o(i.SVC_Handler) for SVC_Handler
    startup_stm32f030x6.o(RESET) refers to port.o(.emb_text) for PendSV_Handler
    startup_stm32f030x6.o(RESET) refers to stm32f0xx_it.o(i.SysTick_Handler) for SysTick_Handler
    startup_stm32f030x6.o(.text) refers to system_stm32f0xx.o(i.SystemInit) for SystemInit
    startup_stm32f030x6.o(.text) refers to entry.o(.ARM.Collect$$$$00000000) for __main
    ssd1306.o(i.LCD_2xChr) refers to uidiv.o(.text) for __aeabi_uidivmod
    ssd1306.o(i.LCD_2xChr) refers to ssd1306.o(.data) for .data
    ssd1306.o(i.LCD_2xChr) refers to ssd1306.o(.constdata) for .constdata
    ssd1306.o(i.LCD_2xChr) refers to ssd1306.o(.bss) for .bss
    ssd1306.o(i.LCD_2xFStr) refers to ssd1306.o(i.LCD_GotoXY) for LCD_GotoXY
    ssd1306.o(i.LCD_2xFStr) refers to ssd1306.o(i.LCD_2xChr) for LCD_2xChr
    ssd1306.o(i.LCD_Batt) refers to memcpya.o(.text) for __aeabi_memcpy4
    ssd1306.o(i.LCD_Batt) refers to ssd1306.o(.data) for .data
    ssd1306.o(i.LCD_Batt) refers to ssd1306.o(.bss) for .bss
    ssd1306.o(i.LCD_Chr) refers to ssd1306.o(.data) for .data
    ssd1306.o(i.LCD_Chr) refers to ssd1306.o(.constdata) for .constdata
    ssd1306.o(i.LCD_Chr) refers to ssd1306.o(.bss) for .bss
    ssd1306.o(i.LCD_Clear) refers to ssd1306.o(.bss) for .bss
    ssd1306.o(i.LCD_Clear) refers to ssd1306.o(.data) for .data
    ssd1306.o(i.LCD_FStr) refers to ssd1306.o(i.LCD_GotoXY) for LCD_GotoXY
    ssd1306.o(i.LCD_FStr) refers to ssd1306.o(i.LCD_Chr) for LCD_Chr
    ssd1306.o(i.LCD_GotoXY) refers to ssd1306.o(.data) for .data
    ssd1306.o(i.LCD_Init) refers to stm32f0xx_hal_i2c.o(i.HAL_I2C_Master_Transmit) for HAL_I2C_Master_Transmit
    ssd1306.o(i.LCD_Init) refers to ssd1306.o(.data) for .data
    ssd1306.o(i.LCD_Init) refers to i2c.o(.bss) for hi2c1
    ssd1306.o(i.LCD_Off) refers to ssd1306.o(i.LCD_command) for LCD_command
    ssd1306.o(i.LCD_On) refers to ssd1306.o(i.LCD_command) for LCD_command
    ssd1306.o(i.LCD_Update) refers to ssd1306.o(i.LCD_command) for LCD_command
    ssd1306.o(i.LCD_Update) refers to stm32f0xx_hal_i2c.o(i.HAL_I2C_Master_Transmit) for HAL_I2C_Master_Transmit
    ssd1306.o(i.LCD_Update) refers to ssd1306.o(.bss) for .bss
    ssd1306.o(i.LCD_Update) refers to i2c.o(.bss) for hi2c1
    ssd1306.o(i.LCD_command) refers to stm32f0xx_hal_i2c.o(i.HAL_I2C_Master_Transmit) for HAL_I2C_Master_Transmit
    ssd1306.o(i.LCD_command) refers to i2c.o(.bss) for hi2c1
    main.o(i.SystemClock_Config) refers to stm32f0xx_hal_rcc.o(i.HAL_RCC_OscConfig) for HAL_RCC_OscConfig
    main.o(i.SystemClock_Config) refers to stm32f0xx_hal_rcc.o(i.HAL_RCC_ClockConfig) for HAL_RCC_ClockConfig
    main.o(i.SystemClock_Config) refers to stm32f0xx_hal_rcc_ex.o(i.HAL_RCCEx_PeriphCLKConfig) for HAL_RCCEx_PeriphCLKConfig
    main.o(i.SystemClock_Config) refers to stm32f0xx_hal_rcc.o(i.HAL_RCC_GetHCLKFreq) for HAL_RCC_GetHCLKFreq
    main.o(i.SystemClock_Config) refers to uidiv.o(.text) for __aeabi_uidivmod
    main.o(i.SystemClock_Config) refers to stm32f0xx_hal_cortex.o(i.HAL_SYSTICK_Config) for HAL_SYSTICK_Config
    main.o(i.SystemClock_Config) refers to stm32f0xx_hal_cortex.o(i.HAL_SYSTICK_CLKSourceConfig) for HAL_SYSTICK_CLKSourceConfig
    main.o(i.SystemClock_Config) refers to stm32f0xx_hal_cortex.o(i.HAL_NVIC_SetPriority) for HAL_NVIC_SetPriority
    main.o(i.main) refers to stm32f0xx_hal.o(i.HAL_Init) for HAL_Init
    main.o(i.main) refers to main.o(i.SystemClock_Config) for SystemClock_Config
    main.o(i.main) refers to gpio.o(i.MX_GPIO_Init) for MX_GPIO_Init
    main.o(i.main) refers to i2c.o(i.MX_I2C1_Init) for MX_I2C1_Init
    main.o(i.main) refers to rtc.o(i.MX_RTC_Init) for MX_RTC_Init
    main.o(i.main) refers to adc.o(i.MX_ADC_Init) for MX_ADC_Init
    main.o(i.main) refers to stm32f0xx_hal.o(i.HAL_Delay) for HAL_Delay
    main.o(i.main) refers to ssd1306.o(i.LCD_Init) for LCD_Init
    main.o(i.main) refers to freertos.o(i.MX_FREERTOS_Init) for MX_FREERTOS_Init
    main.o(i.main) refers to cmsis_os.o(i.osKernelStart) for osKernelStart
    adc.o(i.MX_ADC_Init) refers to stm32f0xx_hal_adc.o(i.HAL_ADC_Init) for HAL_ADC_Init
    adc.o(i.MX_ADC_Init) refers to main.o(i._Error_Handler) for _Error_Handler
    adc.o(i.MX_ADC_Init) refers to stm32f0xx_hal_adc.o(i.HAL_ADC_ConfigChannel) for HAL_ADC_ConfigChannel
    adc.o(i.MX_ADC_Init) refers to adc.o(.bss) for .bss
[...]
    Removing stm32f0xx_hal_adc.o(i.HAL_ADC_DeInit), (160 bytes).
    Removing stm32f0xx_hal_adc.o(i.HAL_ADC_ErrorCallback), (2 bytes).
    Removing stm32f0xx_hal_adc.o(i.HAL_ADC_GetError), (4 bytes).
    Removing stm32f0xx_hal_adc.o(i.HAL_ADC_GetState), (4 bytes).
    Removing stm32f0xx_hal_adc.o(i.HAL_ADC_GetValue), (6 bytes).
    Removing stm32f0xx_hal_adc.o(i.HAL_ADC_IRQHandler), (208 bytes).
    Removing stm32f0xx_hal_adc.o(i.HAL_ADC_LevelOutOfWindowCallback), (2 bytes).
    Removing stm32f0xx_hal_adc.o(i.HAL_ADC_MspDeInit), (2 bytes).
    Removing stm32f0xx_hal_adc.o(i.HAL_ADC_MspInit), (2 bytes).
    Removing stm32f0xx_hal_adc.o(i.HAL_ADC_PollForConversion), (190 bytes).
    Removing stm32f0xx_hal_adc.o(i.HAL_ADC_PollForEvent), (116 bytes).
    Removing stm32f0xx_hal_adc.o(i.HAL_ADC_Start), (92 bytes).
    Removing stm32f0xx_hal_adc.o(i.HAL_ADC_Start_DMA), (160 bytes).
    Removing stm32f0xx_hal_adc.o(i.HAL_ADC_Start_IT), (124 bytes).
    Removing stm32f0xx_hal_adc.o(i.HAL_ADC_Stop), (62 bytes).
    Removing stm32f0xx_hal_adc.o(i.HAL_ADC_Stop_DMA), (112 bytes).
    Removing stm32f0xx_hal_adc.o(i.HAL_ADC_Stop_IT), (72 bytes).
    Removing stm32f0xx_hal_adc_ex.o(.rev16_text), (4 bytes).
    Removing stm32f0xx_hal_adc_ex.o(.revsh_text), (4 bytes).
    Removing stm32f0xx_hal_adc_ex.o(i.HAL_ADCEx_Calibration_Start), (176 bytes).
    Removing stm32f0xx_hal_i2c.o(.rev16_text), (4 bytes).
    Removing stm32f0xx_hal_i2c.o(.revsh_text), (4 bytes).
    Removing stm32f0xx_hal_i2c.o(i.HAL_I2C_AbortCpltCallback), (2 bytes).
    Removing stm32f0xx_hal_i2c.o(i.HAL_I2C_AddrCallback), (2 bytes).
    Removing stm32f0xx_hal_i2c.o(i.HAL_I2C_DeInit), (52 bytes).
    Removing stm32f0xx_hal_i2c.o(i.HAL_I2C_DisableListen_IT), (48 bytes).
    Removing stm32f0xx_hal_i2c.o(i.HAL_I2C_ER_IRQHandler), (88 bytes).
    Removing stm32f0xx_hal_i2c.o(i.HAL_I2C_EV_IRQHandler), (16 bytes).
    Removing stm32f0xx_hal_i2c.o(i.HAL_I2C_EnableListen_IT), (40 bytes).
    Removing stm32f0xx_hal_i2c.o(i.HAL_I2C_ErrorCallback), (2 bytes).
    Removing stm32f0xx_hal_i2c.o(i.HAL_I2C_GetError), (4 bytes).
    Removing stm32f0xx_hal_i2c.o(i.HAL_I2C_GetMode), (6 bytes).
    Removing stm32f0xx_hal_i2c.o(i.HAL_I2C_GetState), (6 bytes).
    Removing stm32f0xx_hal_i2c.o(i.HAL_I2C_IsDeviceReady), (284 bytes).
    Removing stm32f0xx_hal_i2c.o(i.HAL_I2C_ListenCpltCallback), (2 bytes).
    Removing stm32f0xx_hal_i2c.o(i.HAL_I2C_MasterRxCpltCallback), (2 bytes).
    Removing stm32f0xx_hal_i2c.o(i.HAL_I2C_MasterTxCpltCallback), (2 bytes).
    Removing stm32f0xx_hal_i2c.o(i.HAL_I2C_Master_Abort_IT), (88 bytes).
    Removing stm32f0xx_hal_i2c.o(i.HAL_I2C_Master_Receive), (280 bytes).
    Removing stm32f0xx_hal_i2c.o(i.HAL_I2C_Master_Receive_DMA), (236 bytes).
    Removing stm32f0xx_hal_i2c.o(i.HAL_I2C_Master_Receive_IT), (124 bytes).
    Removing stm32f0xx_hal_i2c.o(i.HAL_I2C_Master_Sequential_Receive_IT), (116 bytes).
    Removing stm32f0xx_hal_i2c.o(i.HAL_I2C_Master_Sequential_Transmit_IT), (116 bytes).
    Removing stm32f0xx_hal_i2c.o(i.HAL_I2C_Master_Transmit_DMA), (240 bytes).
    Removing stm32f0xx_hal_i2c.o(i.HAL_I2C_Master_Transmit_IT), (124 bytes).
    Removing stm32f0xx_hal_i2c.o(i.HAL_I2C_MemRxCpltCallback), (2 bytes).
    Removing stm32f0xx_hal_i2c.o(i.HAL_I2C_MemTxCpltCallback), (2 bytes).
    Removing stm32f0xx_hal_i2c.o(i.HAL_I2C_Mem_Read), (344 bytes).
    Removing stm32f0xx_hal_i2c.o(i.HAL_I2C_Mem_Read_DMA), (248 bytes).
    Removing stm32f0xx_hal_i2c.o(i.HAL_I2C_Mem_Read_IT), (188 bytes).
    Removing stm32f0xx_hal_i2c.o(i.HAL_I2C_Mem_Write), (340 bytes).
    Removing stm32f0xx_hal_i2c.o(i.HAL_I2C_Mem_Write_DMA), (244 bytes).
    Removing stm32f0xx_hal_i2c.o(i.HAL_I2C_Mem_Write_IT), (184 bytes).
    Removing stm32f0xx_hal_i2c.o(i.HAL_I2C_MspDeInit), (2 bytes).
    Removing stm32f0xx_hal_i2c.o(i.HAL_I2C_MspInit), (2 bytes).
    Removing stm32f0xx_hal_i2c.o(i.HAL_I2C_SlaveRxCpltCallback), (2 bytes).
    Removing stm32f0xx_hal_i2c.o(i.HAL_I2C_SlaveTxCpltCallback), (2 bytes).
    Removing stm32f0xx_hal_i2c.o(i.HAL_I2C_Slave_Receive), (292 bytes).
    Removing stm32f0xx_hal_i2c.o(i.HAL_I2C_Slave_Receive_DMA), (156 bytes).
    Removing stm32f0xx_hal_i2c.o(i.HAL_I2C_Slave_Receive_IT), (88 bytes).
    Removing stm32f0xx_hal_i2c.o(i.HAL_I2C_Slave_Sequential_Receive_IT), (144 bytes).
    Removing stm32f0xx_hal_i2c.o(i.HAL_I2C_Slave_Sequential_Transmit_IT), (144 bytes).
    Removing stm32f0xx_hal_i2c.o(i.HAL_I2C_Slave_Transmit), (300 bytes).
    Removing stm32f0xx_hal_i2c.o(i.HAL_I2C_Slave_Transmit_DMA), (156 bytes).
    Removing stm32f0xx_hal_i2c.o(i.HAL_I2C_Slave_Transmit_IT), (88 bytes).
    Removing stm32f0xx_hal_i2c.o(i.I2C_DMAAbort), (52 bytes).
    Removing stm32f0xx_hal_i2c.o(i.I2C_DMAError), (24 bytes).
    Removing stm32f0xx_hal_i2c.o(i.I2C_DMAMasterReceiveCplt), (68 bytes).
    Removing stm32f0xx_hal_i2c.o(i.I2C_DMAMasterTransmitCplt), (68 bytes).
    Removing stm32f0xx_hal_i2c.o(i.I2C_DMASlaveReceiveCplt), (2 bytes).
    Removing stm32f0xx_hal_i2c.o(i.I2C_DMASlaveTransmitCplt), (2 bytes).
    Removing stm32f0xx_hal_i2c.o(i.I2C_Disable_IRQ), (86 bytes).
    Removing stm32f0xx_hal_i2c.o(i.I2C_Enable_IRQ), (100 bytes).
    Removing stm32f0xx_hal_i2c.o(i.I2C_ITAddrCplt), (122 bytes).
    Removing stm32f0xx_hal_i2c.o(i.I2C_ITError), (204 bytes).
    Removing stm32f0xx_hal_i2c.o(i.I2C_ITListenCplt), (96 bytes).
    Removing stm32f0xx_hal_i2c.o(i.I2C_ITMasterCplt), (160 bytes).
    Removing stm32f0xx_hal_i2c.o(i.I2C_ITMasterSequentialCplt), (70 bytes).
    Removing stm32f0xx_hal_i2c.o(i.I2C_ITSlaveCplt), (232 bytes).
    Removing stm32f0xx_hal_i2c.o(i.I2C_ITSlaveSequentialCplt), (74 bytes).
    Removing stm32f0xx_hal_i2c.o(i.I2C_Master_ISR_DMA), (194 bytes).
    Removing stm32f0xx_hal_i2c.o(i.I2C_Master_ISR_IT), (296 bytes).
    Removing stm32f0xx_hal_i2c.o(i.I2C_RequestMemoryRead), (106 bytes).
    Removing stm32f0xx_hal_i2c.o(i.I2C_RequestMemoryWrite), (106 bytes).
    Removing stm32f0xx_hal_i2c.o(i.I2C_Slave_ISR_DMA), (104 bytes).
    Removing stm32f0xx_hal_i2c.o(i.I2C_Slave_ISR_IT), (280 bytes).
    Removing stm32f0xx_hal_i2c.o(i.I2C_WaitOnRXNEFlagUntilTimeout), (120 bytes).
    Removing stm32f0xx_hal_i2c_ex.o(.rev16_text), (4 bytes).
    Removing stm32f0xx_hal_i2c_ex.o(.revsh_text), (4 bytes).
    Removing stm32f0xx_hal_i2c_ex.o(i.HAL_I2CEx_DisableFastModePlus), (36 bytes).
    Removing stm32f0xx_hal_i2c_ex.o(i.HAL_I2CEx_EnableFastModePlus), (36 bytes).
    Removing stm32f0xx_hal_rtc.o(.rev16_text), (4 bytes).
    Removing stm32f0xx_hal_rtc.o(.revsh_text), (4 bytes).
    Removing stm32f0xx_hal_rtc.o(i.HAL_RTC_AlarmAEventCallback), (2 bytes).
    Removing stm32f0xx_hal_rtc.o(i.HAL_RTC_AlarmIRQHandler), (56 bytes).
    Removing stm32f0xx_hal_rtc.o(i.HAL_RTC_DeInit), (136 bytes).
    Removing stm32f0xx_hal_rtc.o(i.HAL_RTC_DeactivateAlarm), (114 bytes).
    Removing stm32f0xx_hal_rtc.o(i.HAL_RTC_GetAlarm), (112 bytes).
    Removing stm32f0xx_hal_rtc.o(i.HAL_RTC_GetState), (4 bytes).
    Removing stm32f0xx_hal_rtc.o(i.HAL_RTC_MspDeInit), (2 bytes).
    Removing stm32f0xx_hal_rtc.o(i.HAL_RTC_MspInit), (2 bytes).
    Removing stm32f0xx_hal_rtc.o(i.HAL_RTC_PollForAlarmAEvent), (68 bytes).
    Removing stm32f0xx_hal_rtc.o(i.HAL_RTC_SetAlarm), (262 bytes).
    Removing stm32f0xx_hal_rtc.o(i.HAL_RTC_SetAlarm_IT), (300 bytes).
    Removing stm32f0xx_hal_rtc.o(i.HAL_RTC_SetDate), (200 bytes).
    Removing stm32f0xx_hal_rtc.o(i.HAL_RTC_SetTime), (228 bytes).
    Removing stm32f0xx_hal_rtc.o(i.RTC_ByteToBcd2), (22 bytes).
    Removing stm32f0xx_hal_rtc_ex.o(.rev16_text), (4 bytes).
    Removing stm32f0xx_hal_rtc_ex.o(.revsh_text), (4 bytes).
    Removing stm32f0xx_hal_rtc_ex.o(i.HAL_RTCEx_DeactivateCalibrationOutPut), (58 bytes).
    Removing stm32f0xx_hal_rtc_ex.o(i.HAL_RTCEx_DeactivateRefClock), (94 bytes).
    Removing stm32f0xx_hal_rtc_ex.o(i.HAL_RTCEx_DeactivateTamper), (38 bytes).
    Removing stm32f0xx_hal_rtc_ex.o(i.HAL_RTCEx_DeactivateTimeStamp), (72 bytes).
    Removing stm32f0xx_hal_rtc_ex.o(i.HAL_RTCEx_DisableBypassShadow), (58 bytes).
    Removing stm32f0xx_hal_rtc_ex.o(i.HAL_RTCEx_EnableBypassShadow), (58 bytes).
    Removing stm32f0xx_hal_rtc_ex.o(i.HAL_RTCEx_GetTimeStamp), (160 bytes).
    Removing stm32f0xx_hal_rtc_ex.o(i.HAL_RTCEx_PollForTamper1Event), (72 bytes).
    Removing stm32f0xx_hal_rtc_ex.o(i.HAL_RTCEx_PollForTamper2Event), (72 bytes).
    Removing stm32f0xx_hal_rtc_ex.o(i.HAL_RTCEx_PollForTimeStampEvent), (84 bytes).
    Removing stm32f0xx_hal_rtc_ex.o(i.HAL_RTCEx_SetCalibrationOutPut), (76 bytes).
    Removing stm32f0xx_hal_rtc_ex.o(i.HAL_RTCEx_SetRefClock), (94 bytes).
    Removing stm32f0xx_hal_rtc_ex.o(i.HAL_RTCEx_SetSmoothCalib), (122 bytes).
    Removing stm32f0xx_hal_rtc_ex.o(i.HAL_RTCEx_SetSynchroShift), (144 bytes).
    Removing stm32f0xx_hal_rtc_ex.o(i.HAL_RTCEx_SetTamper), (96 bytes).
    Removing stm32f0xx_hal_rtc_ex.o(i.HAL_RTCEx_SetTamper_IT), (132 bytes).
    Removing stm32f0xx_hal_rtc_ex.o(i.HAL_RTCEx_SetTimeStamp), (76 bytes).
    Removing stm32f0xx_hal_rtc_ex.o(i.HAL_RTCEx_SetTimeStamp_IT), (104 bytes).
    Removing stm32f0xx_hal_rtc_ex.o(i.HAL_RTCEx_Tamper1EventCallback), (2 bytes).
    Removing stm32f0xx_hal_rtc_ex.o(i.HAL_RTCEx_Tamper2EventCallback), (2 bytes).
    Removing stm32f0xx_hal_rtc_ex.o(i.HAL_RTCEx_TamperTimeStampIRQHandler), (136 bytes).
    Removing stm32f0xx_hal_rtc_ex.o(i.HAL_RTCEx_TimeStampEventCallback), (2 bytes).
    Removing stm32f0xx_hal_tim.o(.rev16_text), (4 bytes).
    Removing stm32f0xx_hal_tim.o(.revsh_text), (4 bytes).
    Removing stm32f0xx_hal_tim_ex.o(.rev16_text), (4 bytes).
    Removing stm32f0xx_hal_tim_ex.o(.revsh_text), (4 bytes).
    Removing stm32f0xx_hal_rcc.o(.rev16_text), (4 bytes).
    Removing stm32f0xx_hal_rcc.o(.revsh_text), (4 bytes).
    Removing stm32f0xx_hal_rcc.o(i.HAL_RCC_CSSCallback), (2 bytes).
    Removing stm32f0xx_hal_rcc.o(i.HAL_RCC_DeInit), (76 bytes).
    Removing stm32f0xx_hal_rcc.o(i.HAL_RCC_DisableCSS), (20 bytes).
    Removing stm32f0xx_hal_rcc.o(i.HAL_RCC_EnableCSS), (20 bytes).
    Removing stm32f0xx_hal_rcc.o(i.HAL_RCC_GetClockConfig), (56 bytes).
    Removing stm32f0xx_hal_rcc.o(i.HAL_RCC_GetOscConfig), (156 bytes).
    Removing stm32f0xx_hal_rcc.o(i.HAL_RCC_GetPCLK1Freq), (32 bytes).
    Removing stm32f0xx_hal_rcc.o(i.HAL_RCC_MCOConfig), (80 bytes).
    Removing stm32f0xx_hal_rcc.o(i.HAL_RCC_NMI_IRQHandler), (24 bytes).
    Removing stm32f0xx_hal_rcc_ex.o(.rev16_text), (4 bytes).
    Removing stm32f0xx_hal_rcc_ex.o(.revsh_text), (4 bytes).
    Removing stm32f0xx_hal_rcc_ex.o(i.HAL_RCCEx_GetPeriphCLKConfig), (44 bytes).
    Removing stm32f0xx_hal_rcc_ex.o(i.HAL_RCCEx_GetPeriphCLKFreq), (156 bytes).
    Removing stm32f0xx_hal.o(.rev16_text), (4 bytes).
    Removing stm32f0xx_hal.o(.revsh_text), (4 bytes).
    Removing stm32f0xx_hal.o(i.HAL_DBGMCU_DisableDBGStandbyMode), (16 bytes).
    Removing stm32f0xx_hal.o(i.HAL_DBGMCU_DisableDBGStopMode), (16 bytes).
    Removing stm32f0xx_hal.o(i.HAL_DBGMCU_EnableDBGStandbyMode), (16 bytes).
    Removing stm32f0xx_hal.o(i.HAL_DBGMCU_EnableDBGStopMode), (16 bytes).
    Removing stm32f0xx_hal.o(i.HAL_DeInit), (36 bytes).
    Removing stm32f0xx_hal.o(i.HAL_GetDEVID), (16 bytes).
    Removing stm32f0xx_hal.o(i.HAL_GetHalVersion), (8 bytes).
    Removing stm32f0xx_hal.o(i.HAL_GetREVID), (12 bytes).
    Removing stm32f0xx_hal.o(i.HAL_GetUIDw0), (12 bytes).
    Removing stm32f0xx_hal.o(i.HAL_GetUIDw1), (12 bytes).
    Removing stm32f0xx_hal.o(i.HAL_GetUIDw2), (12 bytes).
    Removing stm32f0xx_hal.o(i.HAL_MspDeInit), (2 bytes).
    Removing stm32f0xx_hal.o(i.HAL_MspInit), (2 bytes).
    Removing stm32f0xx_hal.o(i.HAL_ResumeTick), (16 bytes).
    Removing stm32f0xx_hal.o(i.HAL_SuspendTick), (16 bytes).
    Removing stm32f0xx_hal_gpio.o(.rev16_text), (4 bytes).
    Removing stm32f0xx_hal_gpio.o(.revsh_text), (4 bytes).
    Removing stm32f0xx_hal_gpio.o(i.HAL_GPIO_DeInit), (212 bytes).
    Removing stm32f0xx_hal_gpio.o(i.HAL_GPIO_EXTI_Callback), (2 bytes).
    Removing stm32f0xx_hal_gpio.o(i.HAL_GPIO_EXTI_IRQHandler), (24 bytes).
    Removing stm32f0xx_hal_gpio.o(i.HAL_GPIO_LockPin), (36 bytes).
    Removing stm32f0xx_hal_gpio.o(i.HAL_GPIO_ReadPin), (10 bytes).
    Removing stm32f0xx_hal_gpio.o(i.HAL_GPIO_TogglePin), (8 bytes).
    Removing stm32f0xx_hal_gpio.o(i.HAL_GPIO_WritePin), (12 bytes).
    Removing stm32f0xx_hal_dma.o(.rev16_text), (4 bytes).
    Removing stm32f0xx_hal_dma.o(.revsh_text), (4 bytes).
    Removing stm32f0xx_hal_dma.o(i.DMA_CalcBaseAndBitshift), (36 bytes).
    Removing stm32f0xx_hal_dma.o(i.DMA_SetConfig), (40 bytes).
    Removing stm32f0xx_hal_dma.o(i.HAL_DMA_Abort), (44 bytes).
    Removing stm32f0xx_hal_dma.o(i.HAL_DMA_Abort_IT), (72 bytes).
    Removing stm32f0xx_hal_dma.o(i.HAL_DMA_DeInit), (66 bytes).
    Removing stm32f0xx_hal_dma.o(i.HAL_DMA_GetError), (4 bytes).
    Removing stm32f0xx_hal_dma.o(i.HAL_DMA_GetState), (6 bytes).
    Removing stm32f0xx_hal_dma.o(i.HAL_DMA_IRQHandler), (156 bytes).
    Removing stm32f0xx_hal_dma.o(i.HAL_DMA_Init), (88 bytes).
    Removing stm32f0xx_hal_dma.o(i.HAL_DMA_PollForTransfer), (176 bytes).
    Removing stm32f0xx_hal_dma.o(i.HAL_DMA_RegisterCallback), (72 bytes).
    Removing stm32f0xx_hal_dma.o(i.HAL_DMA_Start), (74 bytes).
    Removing stm32f0xx_hal_dma.o(i.HAL_DMA_Start_IT), (106 bytes).
    Removing stm32f0xx_hal_dma.o(i.HAL_DMA_UnRegisterCallback), (78 bytes).
    Removing stm32f0xx_hal_cortex.o(.rev16_text), (4 bytes).
    Removing stm32f0xx_hal_cortex.o(.revsh_text), (4 bytes).
    Removing stm32f0xx_hal_cortex.o(i.HAL_NVIC_ClearPendingIRQ), (20 bytes).
    Removing stm32f0xx_hal_cortex.o(i.HAL_NVIC_DisableIRQ), (20 bytes).
    Removing stm32f0xx_hal_cortex.o(i.HAL_NVIC_EnableIRQ), (20 bytes).
    Removing stm32f0xx_hal_cortex.o(i.HAL_NVIC_GetPendingIRQ), (28 bytes).
    Removing stm32f0xx_hal_cortex.o(i.HAL_NVIC_GetPriority), (52 bytes).
    Removing stm32f0xx_hal_cortex.o(i.HAL_NVIC_SetPendingIRQ), (20 bytes).
    Removing stm32f0xx_hal_cortex.o(i.HAL_NVIC_SystemReset), (28 bytes).
    Removing stm32f0xx_hal_cortex.o(i.HAL_SYSTICK_Callback), (2 bytes).
    Removing stm32f0xx_hal_cortex.o(i.HAL_SYSTICK_IRQHandler), (8 bytes).
    Removing stm32f0xx_hal_pwr.o(.rev16_text), (4 bytes).
    Removing stm32f0xx_hal_pwr.o(.revsh_text), (4 bytes).
    Removing stm32f0xx_hal_pwr.o(i.HAL_PWR_DeInit), (24 bytes).
    Removing stm32f0xx_hal_pwr.o(i.HAL_PWR_DisableBkUpAccess), (16 bytes).
    Removing stm32f0xx_hal_pwr.o(i.HAL_PWR_DisableSEVOnPend), (16 bytes).
    Removing stm32f0xx_hal_pwr.o(i.HAL_PWR_DisableSleepOnExit), (16 bytes).
    Removing stm32f0xx_hal_pwr.o(i.HAL_PWR_DisableWakeUpPin), (16 bytes).
    Removing stm32f0xx_hal_pwr.o(i.HAL_PWR_EnableBkUpAccess), (16 bytes).
    Removing stm32f0xx_hal_pwr.o(i.HAL_PWR_EnableSEVOnPend), (16 bytes).
    Removing stm32f0xx_hal_pwr.o(i.HAL_PWR_EnableSleepOnExit), (16 bytes).
    Removing stm32f0xx_hal_pwr.o(i.HAL_PWR_EnableWakeUpPin), (16 bytes).
    Removing stm32f0xx_hal_pwr.o(i.HAL_PWR_EnterSLEEPMode), (32 bytes).
    Removing stm32f0xx_hal_pwr.o(i.HAL_PWR_EnterSTANDBYMode), (32 bytes).
    Removing stm32f0xx_hal_pwr.o(i.HAL_PWR_EnterSTOPMode), (52 bytes).
    Removing stm32f0xx_hal_pwr_ex.o(.rev16_text), (4 bytes).
    Removing stm32f0xx_hal_pwr_ex.o(.revsh_text), (4 bytes).
    Removing stm32f0xx_hal_flash.o(.rev16_text), (4 bytes).
    Removing stm32f0xx_hal_flash.o(.revsh_text), (4 bytes).
    Removing stm32f0xx_hal_flash.o(i.FLASH_Program_HalfWord), (32 bytes).
    Removing stm32f0xx_hal_flash.o(i.FLASH_SetErrorCode), (56 bytes).
    Removing stm32f0xx_hal_flash.o(i.FLASH_WaitForLastOperation), (80 bytes).
    Removing stm32f0xx_hal_flash.o(i.HAL_FLASH_EndOfOperationCallback), (2 bytes).
    Removing stm32f0xx_hal_flash.o(i.HAL_FLASH_GetError), (12 bytes).
    Removing stm32f0xx_hal_flash.o(i.HAL_FLASH_IRQHandler), (268 bytes).
    Removing stm32f0xx_hal_flash.o(i.HAL_FLASH_Lock), (20 bytes).
    Removing stm32f0xx_hal_flash.o(i.HAL_FLASH_OB_Launch), (32 bytes).
    Removing stm32f0xx_hal_flash.o(i.HAL_FLASH_OB_Lock), (20 bytes).
    Removing stm32f0xx_hal_flash.o(i.HAL_FLASH_OB_Unlock), (36 bytes).
    Removing stm32f0xx_hal_flash.o(i.HAL_FLASH_OperationErrorCallback), (2 bytes).
    Removing stm32f0xx_hal_flash.o(i.HAL_FLASH_Program), (124 bytes).
    Removing stm32f0xx_hal_flash.o(i.HAL_FLASH_Program_IT), (100 bytes).
    Removing stm32f0xx_hal_flash.o(i.HAL_FLASH_Unlock), (36 bytes).
    Removing stm32f0xx_hal_flash.o(.bss), (32 bytes).
    Removing stm32f0xx_hal_flash_ex.o(.rev16_text), (4 bytes).
    Removing stm32f0xx_hal_flash_ex.o(.revsh_text), (4 bytes).
    Removing stm32f0xx_hal_flash_ex.o(i.FLASH_MassErase), (36 bytes).
    Removing stm32f0xx_hal_flash_ex.o(i.FLASH_OB_GetRDP), (32 bytes).
    Removing stm32f0xx_hal_flash_ex.o(i.FLASH_OB_RDP_LevelConfig), (96 bytes).
    Removing stm32f0xx_hal_flash_ex.o(i.FLASH_PageErase), (36 bytes).
    Removing stm32f0xx_hal_flash_ex.o(i.HAL_FLASHEx_Erase), (160 bytes).
    Removing stm32f0xx_hal_flash_ex.o(i.HAL_FLASHEx_Erase_IT), (88 bytes).
    Removing stm32f0xx_hal_flash_ex.o(i.HAL_FLASHEx_OBErase), (80 bytes).
    Removing stm32f0xx_hal_flash_ex.o(i.HAL_FLASHEx_OBGetConfig), (36 bytes).
    Removing stm32f0xx_hal_flash_ex.o(i.HAL_FLASHEx_OBGetUserData), (28 bytes).
    Removing stm32f0xx_hal_flash_ex.o(i.HAL_FLASHEx_OBProgram), (328 bytes).
    Removing system_stm32f0xx.o(.rev16_text), (4 bytes).
    Removing system_stm32f0xx.o(.revsh_text), (4 bytes).
    Removing system_stm32f0xx.o(i.SystemCoreClockUpdate), (120 bytes).
    Removing system_stm32f0xx.o(.constdata), (8 bytes).
    Removing heap_2.o(i.vPortInitialiseBlocks), (2 bytes).
    Removing heap_2.o(i.xPortGetFreeHeapSize), (12 bytes).
    Removing port.o(i.vPortEndScheduler), (24 bytes).
    Removing event_groups.o(i.prvTestWaitCondition), (22 bytes).
    Removing event_groups.o(i.vEventGroupClearBitsCallback), (8 bytes).
    Removing event_groups.o(i.vEventGroupDelete), (54 bytes).
    Removing event_groups.o(i.vEventGroupSetBitsCallback), (8 bytes).
    Removing event_groups.o(i.xEventGroupClearBits), (40 bytes).
    Removing event_groups.o(i.xEventGroupCreate), (26 bytes).
    Removing event_groups.o(i.xEventGroupGetBitsFromISR), (18 bytes).
    Removing event_groups.o(i.xEventGroupSetBits), (116 bytes).
    Removing event_groups.o(i.xEventGroupSync), (164 bytes).
    Removing event_groups.o(i.xEventGroupWaitBits), (204 bytes).
    Removing queue.o(i.pcQueueGetName), (40 bytes).
    Removing queue.o(i.prvCopyDataFromQueue), (38 bytes).
    Removing queue.o(i.prvIsQueueEmpty), (28 bytes).
    Removing queue.o(i.uxQueueMessagesWaiting), (24 bytes).
    Removing queue.o(i.uxQueueMessagesWaitingFromISR), (12 bytes).
    Removing queue.o(i.uxQueueSpacesAvailable), (28 bytes).
    Removing queue.o(i.vQueueAddToRegistry), (36 bytes).
    Removing queue.o(i.vQueueDelete), (22 bytes).
    Removing queue.o(i.vQueueUnregisterQueue), (40 bytes).
    Removing queue.o(i.xQueueCreateMutex), (36 bytes).
    Removing queue.o(i.xQueueGenericReceive), (312 bytes).
    Removing queue.o(i.xQueueGenericSendFromISR), (140 bytes).
    Removing queue.o(i.xQueueGiveFromISR), (116 bytes).
    Removing queue.o(i.xQueueIsQueueEmptyFromISR), (22 bytes).
    Removing queue.o(i.xQueueIsQueueFullFromISR), (24 bytes).
    Removing queue.o(i.xQueuePeekFromISR), (76 bytes).
    Removing queue.o(i.xQueueReceiveFromISR), (120 bytes).
    Removing queue.o(.bss), (64 bytes).
    Removing tasks.o(i.pcTaskGetName), (24 bytes).
    Removing tasks.o(i.prvTaskIsTaskSuspended), (44 bytes).
    Removing tasks.o(i.pvTaskIncrementMutexHeldCount), (24 bytes).
    Removing tasks.o(i.ulTaskNotifyTake), (96 bytes).
    Removing tasks.o(i.uxTaskGetNumberOfTasks), (12 bytes).
    Removing tasks.o(i.uxTaskPriorityGet), (32 bytes).
    Removing tasks.o(i.uxTaskPriorityGetFromISR), (32 bytes).
    Removing tasks.o(i.uxTaskResetEventItemValue), (24 bytes).
    Removing tasks.o(i.vTaskDelayUntil), (92 bytes).
    Removing tasks.o(i.vTaskDelete), (120 bytes).
    Removing tasks.o(i.vTaskEndScheduler), (20 bytes).
    Removing tasks.o(i.vTaskNotifyGiveFromISR), (140 bytes).
    Removing tasks.o(i.vTaskPlaceOnUnorderedEventList), (60 bytes).
    Removing tasks.o(i.vTaskPriorityInherit), (100 bytes).
    Removing tasks.o(i.vTaskPrioritySet), (148 bytes).
    Removing tasks.o(i.vTaskResume), (92 bytes).
    Removing tasks.o(i.vTaskSuspend), (124 bytes).
    Removing tasks.o(i.xTaskGenericNotify), (164 bytes).
    Removing tasks.o(i.xTaskGenericNotifyFromISR), (196 bytes).
    Removing tasks.o(i.xTaskGetCurrentTaskHandle), (12 bytes).
    Removing tasks.o(i.xTaskGetTickCount), (12 bytes).
    Removing tasks.o(i.xTaskGetTickCountFromISR), (12 bytes).
    Removing tasks.o(i.xTaskNotifyStateClear), (48 bytes).
    Removing tasks.o(i.xTaskNotifyWait), (124 bytes).
    Removing tasks.o(i.xTaskRemoveFromUnorderedEventList), (96 bytes).
    Removing tasks.o(i.xTaskResumeFromISR), (108 bytes).
    Removing cmsis_os.o(.rev16_text), (4 bytes).
    Removing cmsis_os.o(.revsh_text), (4 bytes).
    Removing cmsis_os.o(i.inHandlerMode), (12 bytes).
    Removing cmsis_os.o(i.makeCmsisPriority), (14 bytes).
    Removing cmsis_os.o(i.osAbortDelay), (4 bytes).
    Removing cmsis_os.o(i.osDelayUntil), (16 bytes).
    Removing cmsis_os.o(i.osKernelRunning), (18 bytes).
    Removing cmsis_os.o(i.osKernelSysTick), (22 bytes).
    Removing cmsis_os.o(i.osMailAlloc), (14 bytes).
    Removing cmsis_os.o(i.osMailCAlloc), (32 bytes).
    Removing cmsis_os.o(i.osMailCreate), (92 bytes).
    Removing cmsis_os.o(i.osMailFree), (18 bytes).
    Removing cmsis_os.o(i.osMailGet), (140 bytes).
    Removing cmsis_os.o(i.osMailPut), (88 bytes).
    Removing cmsis_os.o(i.osMessageAvailableSpace), (8 bytes).
    Removing cmsis_os.o(i.osMessageCreate), (12 bytes).
    Removing cmsis_os.o(i.osMessageDelete), (26 bytes).
    Removing cmsis_os.o(i.osMessageGet), (144 bytes).
    Removing cmsis_os.o(i.osMessagePeek), (78 bytes).
    Removing cmsis_os.o(i.osMessagePut), (88 bytes).
    Removing cmsis_os.o(i.osMessageWaiting), (26 bytes).
    Removing cmsis_os.o(i.osMutexCreate), (10 bytes).
    Removing cmsis_os.o(i.osMutexDelete), (26 bytes).
    Removing cmsis_os.o(i.osMutexRelease), (76 bytes).
    Removing cmsis_os.o(i.osMutexWait), (104 bytes).
    Removing cmsis_os.o(i.osPoolAlloc), (100 bytes).
    Removing cmsis_os.o(i.osPoolCAlloc), (20 bytes).
    Removing cmsis_os.o(i.osPoolCreate), (94 bytes).
    Removing cmsis_os.o(i.osPoolFree), (48 bytes).
    Removing cmsis_os.o(i.osRecursiveMutexCreate), (4 bytes).
    Removing cmsis_os.o(i.osRecursiveMutexRelease), (4 bytes).
    Removing cmsis_os.o(i.osRecursiveMutexWait), (4 bytes).
    Removing cmsis_os.o(i.osSemaphoreDelete), (26 bytes).
    Removing cmsis_os.o(i.osSemaphoreGetCount), (8 bytes).
    Removing cmsis_os.o(i.osSemaphoreRelease), (76 bytes).
    Removing cmsis_os.o(i.osSemaphoreWait), (104 bytes).
    Removing cmsis_os.o(i.osSignalSet), (88 bytes).
    Removing cmsis_os.o(i.osSignalWait), (90 bytes).
    Removing cmsis_os.o(i.osSystickHandler), (16 bytes).
    Removing cmsis_os.o(i.osThreadGetId), (8 bytes).
    Removing cmsis_os.o(i.osThreadGetPriority), (30 bytes).
    Removing cmsis_os.o(i.osThreadList), (4 bytes).
    Removing cmsis_os.o(i.osThreadResume), (44 bytes).
    Removing cmsis_os.o(i.osThreadResumeAll), (18 bytes).
    Removing cmsis_os.o(i.osThreadSetPriority), (22 bytes).
    Removing cmsis_os.o(i.osThreadSuspend), (10 bytes).
    Removing cmsis_os.o(i.osThreadSuspendAll), (10 bytes).
    Removing cmsis_os.o(i.osThreadTerminate), (10 bytes).
    Removing cmsis_os.o(i.osThreadYield), (10 bytes).
    Removing cmsis_os.o(i.osTimerCreate), (4 bytes).
    Removing cmsis_os.o(i.osTimerDelete), (4 bytes).
    Removing cmsis_os.o(i.osTimerStart), (4 bytes).
    Removing cmsis_os.o(i.osTimerStop), (4 bytes).
    Removing stm32f0xx_hal_dma.o(i.__ARM_common_switch8), (26 bytes).

398 unused section(s) (total 24040 bytes) removed from the image.

==============================================================================

Image Symbol Table

    Local Symbols

    Symbol Name                              Value     Ov Type        Size  Object(Section)

    ../Drivers/STM32F0xx_HAL_Driver/Src/stm32f0xx_hal.c 0x00000000   Number         0  stm32f0xx_hal.o ABSOLUTE
    ../Drivers/STM32F0xx_HAL_Driver/Src/stm32f0xx_hal_adc.c 0x00000000   Number         0  stm32f0xx_hal_adc.o ABSOLUTE
    ../Drivers/STM32F0xx_HAL_Driver/Src/stm32f0xx_hal_adc_ex.c 0x00000000   Number         0  stm32f0xx_hal_adc_ex.o ABSOLUTE
    ../Drivers/STM32F0xx_HAL_Driver/Src/stm32f0xx_hal_cortex.c 0x00000000   Number         0  stm32f0xx_hal_cortex.o ABSOLUTE
    ../Drivers/STM32F0xx_HAL_Driver/Src/stm32f0xx_hal_dma.c 0x00000000   Number         0  stm32f0xx_hal_dma.o ABSOLUTE
    ../Drivers/STM32F0xx_HAL_Driver/Src/stm32f0xx_hal_flash.c 0x00000000   Number         0  stm32f0xx_hal_flash.o ABSOLUTE
    ../Drivers/STM32F0xx_HAL_Driver/Src/stm32f0xx_hal_flash_ex.c 0x00000000   Number         0  stm32f0xx_hal_flash_ex.o ABSOLUTE
    ../Drivers/STM32F0xx_HAL_Driver/Src/stm32f0xx_hal_gpio.c 0x00000000   Number         0  stm32f0xx_hal_gpio.o ABSOLUTE
    ../Drivers/STM32F0xx_HAL_Driver/Src/stm32f0xx_hal_i2c.c 0x00000000   Number         0  stm32f0xx_hal_i2c.o ABSOLUTE
    ../Drivers/STM32F0xx_HAL_Driver/Src/stm32f0xx_hal_i2c_ex.c 0x00000000   Number         0  stm32f0xx_hal_i2c_ex.o ABSOLUTE
    ../Drivers/STM32F0xx_HAL_Driver/Src/stm32f0xx_hal_pwr.c 0x00000000   Number         0  stm32f0xx_hal_pwr.o ABSOLUTE
    ../Drivers/STM32F0xx_HAL_Driver/Src/stm32f0xx_hal_pwr_ex.c 0x00000000   Number         0  stm32f0xx_hal_pwr_ex.o ABSOLUTE
    ../Drivers/STM32F0xx_HAL_Driver/Src/stm32f0xx_hal_rcc.c 0x00000000   Number         0  stm32f0xx_hal_rcc.o ABSOLUTE
    ../Drivers/STM32F0xx_HAL_Driver/Src/stm32f0xx_hal_rcc_ex.c 0x00000000   Number         0  stm32f0xx_hal_rcc_ex.o ABSOLUTE
    ../Drivers/STM32F0xx_HAL_Driver/Src/stm32f0xx_hal_rtc.c 0x00000000   Number         0  stm32f0xx_hal_rtc.o ABSOLUTE
    ../Drivers/STM32F0xx_HAL_Driver/Src/stm32f0xx_hal_rtc_ex.c 0x00000000   Number         0  stm32f0xx_hal_rtc_ex.o ABSOLUTE
    ../Drivers/STM32F0xx_HAL_Driver/Src/stm32f0xx_hal_tim.c 0x00000000   Number         0  stm32f0xx_hal_tim.o ABSOLUTE
    ../Drivers/STM32F0xx_HAL_Driver/Src/stm32f0xx_hal_tim_ex.c 0x00000000   Number         0  stm32f0xx_hal_tim_ex.o ABSOLUTE
    ../Middlewares/Third_Party/FreeRTOS/Source/CMSIS_RTOS/cmsis_os.c 0x00000000   Number         0  cmsis_os.o ABSOLUTE
    ../Middlewares/Third_Party/FreeRTOS/Source/croutine.c 0x00000000   Number         0  croutine.o ABSOLUTE
    ../Middlewares/Third_Party/FreeRTOS/Source/event_groups.c 0x00000000   Number         0  event_groups.o ABSOLUTE
    ../Middlewares/Third_Party/FreeRTOS/Source/list.c 0x00000000   Number         0  list.o ABSOLUTE
    ../Middlewares/Third_Party/FreeRTOS/Source/portable/MemMang/heap_2.c 0x00000000   Number         0  heap_2.o ABSOLUTE
    ../Middlewares/Third_Party/FreeRTOS/Source/portable/RVDS/ARM_CM0/port.c 0x00000000   Number         0  port.o ABSOLUTE
    ../Middlewares/Third_Party/FreeRTOS/Source/queue.c 0x00000000   Number         0  queue.o ABSOLUTE
    ../Middlewares/Third_Party/FreeRTOS/Source/tasks.c 0x00000000   Number         0  tasks.o ABSOLUTE
    ../Middlewares/Third_Party/FreeRTOS/Source/timers.c 0x00000000   Number         0  timers.o ABSOLUTE
    ../Src/adc.c                             0x00000000   Number         0  adc.o ABSOLUTE
    ../Src/freertos.c                        0x00000000   Number         0  freertos.o ABSOLUTE
    ../Src/gpio.c                            0x00000000   Number         0  gpio.o ABSOLUTE
    ../Src/i2c.c                             0x00000000   Number         0  i2c.o ABSOLUTE
    ../Src/main.c                            0x00000000   Number         0  main.o ABSOLUTE
    ../Src/rtc.c                             0x00000000   Number         0  rtc.o ABSOLUTE
    ../Src/stm32f0xx_hal_msp.c               0x00000000   Number         0  stm32f0xx_hal_msp.o ABSOLUTE
    ../Src/stm32f0xx_it.c                    0x00000000   Number         0  stm32f0xx_it.o ABSOLUTE
    ../Src/system_stm32f0xx.c                0x00000000   Number         0  system_stm32f0xx.o ABSOLUTE
    ../clib/microlib/division.c              0x00000000   Number         0  uidiv.o ABSOLUTE
    ../clib/microlib/init/entry.s            0x00000000   Number         0  entry11b.o ABSOLUTE
    ../clib/microlib/init/entry.s            0x00000000   Number         0  entry9a.o ABSOLUTE
    ../clib/microlib/init/entry.s            0x00000000   Number         0  entry9b.o ABSOLUTE
    ../clib/microlib/init/entry.s            0x00000000   Number         0  entry8b.o ABSOLUTE
    ../clib/microlib/init/entry.s            0x00000000   Number         0  entry.o ABSOLUTE
    ../clib/microlib/init/entry.s            0x00000000   Number         0  entry10a.o ABSOLUTE
    ../clib/microlib/init/entry.s            0x00000000   Number         0  entry8a.o ABSOLUTE
    ../clib/microlib/init/entry.s            0x00000000   Number         0  entry10b.o ABSOLUTE
    ../clib/microlib/init/entry.s            0x00000000   Number         0  entry11a.o ABSOLUTE
    ../clib/microlib/init/entry.s            0x00000000   Number         0  entry7b.o ABSOLUTE
    ../clib/microlib/init/entry.s            0x00000000   Number         0  entry7a.o ABSOLUTE
    ../clib/microlib/init/entry.s            0x00000000   Number         0  entry5.o ABSOLUTE
    ../clib/microlib/init/entry.s            0x00000000   Number         0  entry2.o ABSOLUTE
    ../clib/microlib/longlong.c              0x00000000   Number         0  llushr.o ABSOLUTE
    ../clib/microlib/string/memcpy.c         0x00000000   Number         0  memcpya.o ABSOLUTE
    ../clib/microlib/string/memcpy.c         0x00000000   Number         0  memcpyb.o ABSOLUTE
    ../clib/microlib/string/memset.c         0x00000000   Number         0  memseta.o ABSOLUTE
    ../clib/microlib/string/strcpy.c         0x00000000   Number         0  strcpy.o ABSOLUTE
    ..\Drivers\STM32F0xx_HAL_Driver\Src\stm32f0xx_hal.c 0x00000000   Number         0  stm32f0xx_hal.o ABSOLUTE
    ..\Drivers\STM32F0xx_HAL_Driver\Src\stm32f0xx_hal_adc.c 0x00000000   Number         0  stm32f0xx_hal_adc.o ABSOLUTE
    ..\Drivers\STM32F0xx_HAL_Driver\Src\stm32f0xx_hal_adc_ex.c 0x00000000   Number         0  stm32f0xx_hal_adc_ex.o ABSOLUTE
    ..\Drivers\STM32F0xx_HAL_Driver\Src\stm32f0xx_hal_cortex.c 0x00000000   Number         0  stm32f0xx_hal_cortex.o ABSOLUTE
    ..\Drivers\STM32F0xx_HAL_Driver\Src\stm32f0xx_hal_dma.c 0x00000000   Number         0  stm32f0xx_hal_dma.o ABSOLUTE
    ..\Drivers\STM32F0xx_HAL_Driver\Src\stm32f0xx_hal_flash.c 0x00000000   Number         0  stm32f0xx_hal_flash.o ABSOLUTE
    ..\Drivers\STM32F0xx_HAL_Driver\Src\stm32f0xx_hal_flash_ex.c 0x00000000   Number         0  stm32f0xx_hal_flash_ex.o ABSOLUTE
    ..\Drivers\STM32F0xx_HAL_Driver\Src\stm32f0xx_hal_gpio.c 0x00000000   Number         0  stm32f0xx_hal_gpio.o ABSOLUTE
    ..\Drivers\STM32F0xx_HAL_Driver\Src\stm32f0xx_hal_i2c.c 0x00000000   Number         0  stm32f0xx_hal_i2c.o ABSOLUTE
    ..\Drivers\STM32F0xx_HAL_Driver\Src\stm32f0xx_hal_i2c_ex.c 0x00000000   Number         0  stm32f0xx_hal_i2c_ex.o ABSOLUTE
    ..\Drivers\STM32F0xx_HAL_Driver\Src\stm32f0xx_hal_pwr.c 0x00000000   Number         0  stm32f0xx_hal_pwr.o ABSOLUTE
    ..\Drivers\STM32F0xx_HAL_Driver\Src\stm32f0xx_hal_pwr_ex.c 0x00000000   Number         0  stm32f0xx_hal_pwr_ex.o ABSOLUTE
    ..\Drivers\STM32F0xx_HAL_Driver\Src\stm32f0xx_hal_rcc.c 0x00000000   Number         0  stm32f0xx_hal_rcc.o ABSOLUTE
    ..\Drivers\STM32F0xx_HAL_Driver\Src\stm32f0xx_hal_rcc_ex.c 0x00000000   Number         0  stm32f0xx_hal_rcc_ex.o ABSOLUTE
    ..\Drivers\STM32F0xx_HAL_Driver\Src\stm32f0xx_hal_rtc.c 0x00000000   Number         0  stm32f0xx_hal_rtc.o ABSOLUTE
    ..\Drivers\STM32F0xx_HAL_Driver\Src\stm32f0xx_hal_rtc_ex.c 0x00000000   Number         0  stm32f0xx_hal_rtc_ex.o ABSOLUTE
    ..\Drivers\STM32F0xx_HAL_Driver\Src\stm32f0xx_hal_tim.c 0x00000000   Number         0  stm32f0xx_hal_tim.o ABSOLUTE
    ..\Drivers\STM32F0xx_HAL_Driver\Src\stm32f0xx_hal_tim_ex.c 0x00000000   Number         0  stm32f0xx_hal_tim_ex.o ABSOLUTE
    ..\Middlewares\Third_Party\FreeRTOS\Source\CMSIS_RTOS\cmsis_os.c 0x00000000   Number         0  cmsis_os.o ABSOLUTE
    ..\Middlewares\Third_Party\FreeRTOS\Source\portable\RVDS\ARM_CM0\port.c 0x00000000   Number         0  port.o ABSOLUTE
    ..\Src\SSD1306.c                         0x00000000   Number         0  ssd1306.o ABSOLUTE
    ..\Src\adc.c                             0x00000000   Number         0  adc.o ABSOLUTE
    ..\Src\freertos.c                        0x00000000   Number         0  freertos.o ABSOLUTE
    ..\Src\gpio.c                            0x00000000   Number         0  gpio.o ABSOLUTE
    ..\Src\i2c.c                             0x00000000   Number         0  i2c.o ABSOLUTE
    ..\Src\main.c                            0x00000000   Number         0  main.o ABSOLUTE
    ..\Src\rtc.c                             0x00000000   Number         0  rtc.o ABSOLUTE
    ..\Src\stm32f0xx_hal_msp.c               0x00000000   Number         0  stm32f0xx_hal_msp.o ABSOLUTE
    ..\Src\stm32f0xx_it.c                    0x00000000   Number         0  stm32f0xx_it.o ABSOLUTE
    ..\Src\system_stm32f0xx.c                0x00000000   Number         0  system_stm32f0xx.o ABSOLUTE
    ..\\Src\\SSD1306.c                       0x00000000   Number         0  ssd1306.o ABSOLUTE
    dc.s                                     0x00000000   Number         0  dc.o ABSOLUTE
    handlers.s                               0x00000000   Number         0  handlers.o ABSOLUTE
    init.s                                   0x00000000   Number         0  init.o ABSOLUTE
    startup_stm32f030x6.s                    0x00000000   Number         0  startup_stm32f030x6.o ABSOLUTE
    RESET                                    0x08000000   Section      176  startup_stm32f030x6.o(RESET)
    .ARM.Collect$$$$00000000                 0x080000b0   Section        0  entry.o(.ARM.Collect$$$$00000000)
    .ARM.Collect$$$$00000001                 0x080000b0   Section        4  entry2.o(.ARM.Collect$$$$00000001)
    .ARM.Collect$$$$00000004                 0x080000b4   Section        4  entry5.o(.ARM.Collect$$$$00000004)
    .ARM.Collect$$$$00000008                 0x080000b8   Section        0  entry7b.o(.ARM.Collect$$$$00000008)
    .ARM.Collect$$$$0000000A                 0x080000b8   Section        0  entry8b.o(.ARM.Collect$$$$0000000A)
    .ARM.Collect$$$$0000000B                 0x080000b8   Section        8  entry9a.o(.ARM.Collect$$$$0000000B)
    .ARM.Collect$$$$0000000D                 0x080000c0   Section        0  entry10a.o(.ARM.Collect$$$$0000000D)
    .ARM.Collect$$$$0000000F                 0x080000c0   Section        0  entry11a.o(.ARM.Collect$$$$0000000F)
    .ARM.Collect$$$$00002712                 0x080000c0   Section        4  entry2.o(.ARM.Collect$$$$00002712)
    __lit__00000000                          0x080000c0   Data           4  entry2.o(.ARM.Collect$$$$00002712)
    .emb_text                                0x080000c4   Section      120  port.o(.emb_text)
    .text                                    0x0800013c   Section       28  startup_stm32f030x6.o(.text)
    .text                                    0x08000158   Section        0  uidiv.o(.text)
    .text                                    0x08000184   Section        0  memcpya.o(.text)
    .text                                    0x080001a8   Section        0  strcpy.o(.text)
    .text                                    0x080001bc   Section       36  init.o(.text)
    i.HAL_ADC_ConfigChannel                  0x080001e0   Section        0  stm32f0xx_hal_adc.o(i.HAL_ADC_ConfigChannel)
    i.HAL_ADC_Init                           0x080002f0   Section        0  stm32f0xx_hal_adc.o(i.HAL_ADC_Init)
    i.HAL_ADC_MspInit                        0x08000464   Section        0  adc.o(i.HAL_ADC_MspInit)
    i.HAL_Delay                              0x08000488   Section        0  stm32f0xx_hal.o(i.HAL_Delay)
    i.HAL_GPIO_Init                          0x080004a4   Section        0  stm32f0xx_hal_gpio.o(i.HAL_GPIO_Init)
    i.HAL_GetTick                            0x080005ec   Section        0  stm32f0xx_hal.o(i.HAL_GetTick)
    i.HAL_I2CEx_ConfigAnalogFilter           0x080005f8   Section        0  stm32f0xx_hal_i2c_ex.o(i.HAL_I2CEx_ConfigAnalogFilter)
    i.HAL_I2CEx_ConfigDigitalFilter          0x08000642   Section        0  stm32f0xx_hal_i2c_ex.o(i.HAL_I2CEx_ConfigDigitalFilter)
    i.HAL_I2C_Init                           0x0800068c   Section        0  stm32f0xx_hal_i2c.o(i.HAL_I2C_Init)
    i.HAL_I2C_Master_Transmit                0x08000740   Section        0  stm32f0xx_hal_i2c.o(i.HAL_I2C_Master_Transmit)
    i.HAL_I2C_MspInit                        0x08000858   Section        0  i2c.o(i.HAL_I2C_MspInit)
    i.HAL_IncTick                            0x080008a4   Section        0  stm32f0xx_hal.o(i.HAL_IncTick)
    i.HAL_Init                               0x080008b4   Section        0  stm32f0xx_hal.o(i.HAL_Init)
    i.HAL_InitTick                           0x080008d4   Section        0  stm32f0xx_hal.o(i.HAL_InitTick)
    i.HAL_MspInit                            0x080008f8   Section        0  stm32f0xx_hal_msp.o(i.HAL_MspInit)
    i.HAL_NVIC_SetPriority                   0x08000930   Section        0  stm32f0xx_hal_cortex.o(i.HAL_NVIC_SetPriority)
    i.HAL_RCCEx_PeriphCLKConfig              0x08000938   Section        0  stm32f0xx_hal_rcc_ex.o(i.HAL_RCCEx_PeriphCLKConfig)
    i.HAL_RCC_ClockConfig                    0x08000a20   Section        0  stm32f0xx_hal_rcc.o(i.HAL_RCC_ClockConfig)
    i.HAL_RCC_GetHCLKFreq                    0x08000b4c   Section        0  stm32f0xx_hal_rcc.o(i.HAL_RCC_GetHCLKFreq)
    i.HAL_RCC_GetSysClockFreq                0x08000b58   Section        0  stm32f0xx_hal_rcc.o(i.HAL_RCC_GetSysClockFreq)
    i.HAL_RCC_OscConfig                      0x08000bd8   Section        0  stm32f0xx_hal_rcc.o(i.HAL_RCC_OscConfig)
    i.HAL_RTC_GetDate                        0x08000f2c   Section        0  stm32f0xx_hal_rtc.o(i.HAL_RTC_GetDate)
    i.HAL_RTC_GetTime                        0x08000f70   Section        0  stm32f0xx_hal_rtc.o(i.HAL_RTC_GetTime)
    i.HAL_RTC_Init                           0x08000fcc   Section        0  stm32f0xx_hal_rtc.o(i.HAL_RTC_Init)
    i.HAL_RTC_MspInit                        0x08001080   Section        0  rtc.o(i.HAL_RTC_MspInit)
    i.HAL_RTC_WaitForSynchro                 0x080010a0   Section        0  stm32f0xx_hal_rtc.o(i.HAL_RTC_WaitForSynchro)
    i.HAL_SYSTICK_CLKSourceConfig            0x080010d4   Section        0  stm32f0xx_hal_cortex.o(i.HAL_SYSTICK_CLKSourceConfig)
    i.HAL_SYSTICK_Config                     0x080010ec   Section        0  stm32f0xx_hal_cortex.o(i.HAL_SYSTICK_Config)
    i.HardFault_Handler                      0x0800111c   Section        0  stm32f0xx_it.o(i.HardFault_Handler)
    i.I2C_Flush_TXDR                         0x0800111e   Section        0  stm32f0xx_hal_i2c.o(i.I2C_Flush_TXDR)
    I2C_Flush_TXDR                           0x0800111f   Thumb Code    34  stm32f0xx_hal_i2c.o(i.I2C_Flush_TXDR)
    i.I2C_IsAcknowledgeFailed                0x08001140   Section        0  stm32f0xx_hal_i2c.o(i.I2C_IsAcknowledgeFailed)
    I2C_IsAcknowledgeFailed                  0x08001141   Thumb Code   110  stm32f0xx_hal_i2c.o(i.I2C_IsAcknowledgeFailed)
    i.I2C_TransferConfig                     0x080011b4   Section        0  stm32f0xx_hal_i2c.o(i.I2C_TransferConfig)
    I2C_TransferConfig                       0x080011b5   Thumb Code    30  stm32f0xx_hal_i2c.o(i.I2C_TransferConfig)
    i.I2C_WaitOnFlagUntilTimeout             0x080011d8   Section        0  stm32f0xx_hal_i2c.o(i.I2C_WaitOnFlagUntilTimeout)
    I2C_WaitOnFlagUntilTimeout               0x080011d9   Thumb Code    72  stm32f0xx_hal_i2c.o(i.I2C_WaitOnFlagUntilTimeout)
    i.I2C_WaitOnSTOPFlagUntilTimeout         0x08001220   Section        0  stm32f0xx_hal_i2c.o(i.I2C_WaitOnSTOPFlagUntilTimeout)
    I2C_WaitOnSTOPFlagUntilTimeout           0x08001221   Thumb Code    78  stm32f0xx_hal_i2c.o(i.I2C_WaitOnSTOPFlagUntilTimeout)
    i.I2C_WaitOnTXISFlagUntilTimeout         0x0800126e   Section        0  stm32f0xx_hal_i2c.o(i.I2C_WaitOnTXISFlagUntilTimeout)
    I2C_WaitOnTXISFlagUntilTimeout           0x0800126f   Thumb Code    82  stm32f0xx_hal_i2c.o(i.I2C_WaitOnTXISFlagUntilTimeout)
    i.LCD_2xChr                              0x080012c0   Section        0  ssd1306.o(i.LCD_2xChr)
    i.LCD_2xFStr                             0x080013c0   Section        0  ssd1306.o(i.LCD_2xFStr)
    i.LCD_Batt                               0x080013e0   Section        0  ssd1306.o(i.LCD_Batt)
    i.LCD_Chr                                0x08001458   Section        0  ssd1306.o(i.LCD_Chr)
    i.LCD_Clear                              0x080014c8   Section        0  ssd1306.o(i.LCD_Clear)
    i.LCD_FStr                               0x080014f0   Section        0  ssd1306.o(i.LCD_FStr)
    i.LCD_GotoXY                             0x08001510   Section        0  ssd1306.o(i.LCD_GotoXY)
    i.LCD_Init                               0x08001524   Section        0  ssd1306.o(i.LCD_Init)
    i.LCD_Update                             0x08001540   Section        0  ssd1306.o(i.LCD_Update)
    i.LCD_command                            0x0800158c   Section        0  ssd1306.o(i.LCD_command)
    i.MX_ADC_Init                            0x080015b0   Section        0  adc.o(i.MX_ADC_Init)
    i.MX_FREERTOS_Init                       0x08001640   Section        0  freertos.o(i.MX_FREERTOS_Init)
    i.MX_GPIO_Init                           0x080016a0   Section        0  gpio.o(i.MX_GPIO_Init)
    i.MX_I2C1_Init                           0x080016bc   Section        0  i2c.o(i.MX_I2C1_Init)
    i.MX_RTC_Init                            0x0800173c   Section        0  rtc.o(i.MX_RTC_Init)
    i.NMI_Handler                            0x08001784   Section        0  stm32f0xx_it.o(i.NMI_Handler)
    i.NVIC_SetPriority                       0x08001788   Section        0  stm32f0xx_hal_cortex.o(i.NVIC_SetPriority)
    NVIC_SetPriority                         0x08001789   Thumb Code    60  stm32f0xx_hal_cortex.o(i.NVIC_SetPriority)
    i.RTC_Bcd2ToByte                         0x080017cc   Section        0  stm32f0xx_hal_rtc.o(i.RTC_Bcd2ToByte)
    i.RTC_EnterInitMode                      0x080017dc   Section        0  stm32f0xx_hal_rtc.o(i.RTC_EnterInitMode)
    i.SVC_Handler                            0x08001814   Section        0  port.o(i.SVC_Handler)
    i.StartReceiverTask                      0x08001818   Section        0  freertos.o(i.StartReceiverTask)
    i.StartSenderTask_1                      0x08001898   Section        0  freertos.o(i.StartSenderTask_1)
    i.StartSenderTask_2                      0x08001970   Section        0  freertos.o(i.StartSenderTask_2)
    i.SysTick_Handler                        0x080019bc   Section        0  stm32f0xx_it.o(i.SysTick_Handler)
    i.SystemClock_Config                     0x080019d0   Section        0  main.o(i.SystemClock_Config)
    i.SystemInit                             0x08001a58   Section        0  system_stm32f0xx.o(i.SystemInit)
    i._Error_Handler                         0x08001ab4   Section        0  main.o(i._Error_Handler)
    i.__scatterload_copy                     0x08001ab6   Section       14  handlers.o(i.__scatterload_copy)
    i.__scatterload_null                     0x08001ac4   Section        2  handlers.o(i.__scatterload_null)
    i.__scatterload_zeroinit                 0x08001ac6   Section       14  handlers.o(i.__scatterload_zeroinit)
    i.main                                   0x08001ad4   Section        0  main.o(i.main)
    i.makeFreeRtosPriority                   0x08001b00   Section        0  cmsis_os.o(i.makeFreeRtosPriority)
    makeFreeRtosPriority                     0x08001b01   Thumb Code    12  cmsis_os.o(i.makeFreeRtosPriority)
    i.osDelay                                0x08001b0c   Section        0  cmsis_os.o(i.osDelay)
    i.osKernelStart                          0x08001b1c   Section        0  cmsis_os.o(i.osKernelStart)
    i.osSemaphoreCreate                      0x08001b26   Section        0  cmsis_os.o(i.osSemaphoreCreate)
    i.osThreadCreate                         0x08001b50   Section        0  cmsis_os.o(i.osThreadCreate)
    i.prvAddCurrentTaskToDelayedList         0x08001b80   Section        0  tasks.o(i.prvAddCurrentTaskToDelayedList)
    prvAddCurrentTaskToDelayedList           0x08001b81   Thumb Code    78  tasks.o(i.prvAddCurrentTaskToDelayedList)
    i.prvAddNewTaskToReadyList               0x08001bd8   Section        0  tasks.o(i.prvAddNewTaskToReadyList)
    prvAddNewTaskToReadyList                 0x08001bd9   Thumb Code   176  tasks.o(i.prvAddNewTaskToReadyList)
    i.prvCheckTasksWaitingTermination        0x08001c90   Section        0  tasks.o(i.prvCheckTasksWaitingTermination)
    prvCheckTasksWaitingTermination          0x08001c91   Thumb Code    72  tasks.o(i.prvCheckTasksWaitingTermination)
    i.prvCopyDataToQueue                     0x08001ce0   Section        0  queue.o(i.prvCopyDataToQueue)
    prvCopyDataToQueue                       0x08001ce1   Thumb Code   112  queue.o(i.prvCopyDataToQueue)
    i.prvDeleteTCB                           0x08001d50   Section        0  tasks.o(i.prvDeleteTCB)
    prvDeleteTCB                             0x08001d51   Thumb Code    18  tasks.o(i.prvDeleteTCB)
    i.prvIdleTask                            0x08001d64   Section        0  tasks.o(i.prvIdleTask)
    prvIdleTask                              0x08001d65   Thumb Code    18  tasks.o(i.prvIdleTask)
    i.prvInitialiseNewTask                   0x08001d7c   Section        0  tasks.o(i.prvInitialiseNewTask)
    prvInitialiseNewTask                     0x08001d7d   Thumb Code   124  tasks.o(i.prvInitialiseNewTask)
    i.prvResetNextTaskUnblockTime            0x08001df8   Section        0  tasks.o(i.prvResetNextTaskUnblockTime)
    prvResetNextTaskUnblockTime              0x08001df9   Thumb Code    28  tasks.o(i.prvResetNextTaskUnblockTime)
    i.prvTaskExitError                       0x08001e18   Section        0  port.o(i.prvTaskExitError)
    prvTaskExitError                         0x08001e19   Thumb Code    14  port.o(i.prvTaskExitError)
    i.prvUnlockQueue                         0x08001e2c   Section        0  queue.o(i.prvUnlockQueue)
    prvUnlockQueue                           0x08001e2d   Thumb Code   112  queue.o(i.prvUnlockQueue)
    i.pvPortMalloc                           0x08001e9c   Section        0  heap_2.o(i.pvPortMalloc)
    i.pxPortInitialiseStack                  0x08001f50   Section        0  port.o(i.pxPortInitialiseStack)
    i.uxListRemove                           0x08001f70   Section        0  list.o(i.uxListRemove)
    i.vListInitialise                        0x08001f94   Section        0  list.o(i.vListInitialise)
    i.vListInitialiseItem                    0x08001faa   Section        0  list.o(i.vListInitialiseItem)
    i.vListInsert                            0x08001fb0   Section        0  list.o(i.vListInsert)
    i.vListInsertEnd                         0x08001fe0   Section        0  list.o(i.vListInsertEnd)
    i.vPortEnterCritical                     0x08001ff8   Section        0  port.o(i.vPortEnterCritical)
    i.vPortExitCritical                      0x08002010   Section        0  port.o(i.vPortExitCritical)
    i.vPortFree                              0x0800202c   Section        0  heap_2.o(i.vPortFree)
    i.vPortSetupTimerInterrupt               0x08002064   Section        0  port.o(i.vPortSetupTimerInterrupt)
    i.vPortYield                             0x08002088   Section        0  port.o(i.vPortYield)
    i.vTaskDelay                             0x080020a0   Section        0  tasks.o(i.vTaskDelay)
    i.vTaskMissedYield                       0x080020d0   Section        0  tasks.o(i.vTaskMissedYield)
    i.vTaskPlaceOnEventList                  0x080020dc   Section        0  tasks.o(i.vTaskPlaceOnEventList)
    i.vTaskSetTimeOutState                   0x08002100   Section        0  tasks.o(i.vTaskSetTimeOutState)
    i.vTaskStartScheduler                    0x08002118   Section        0  tasks.o(i.vTaskStartScheduler)
    i.vTaskSuspendAll                        0x08002164   Section        0  tasks.o(i.vTaskSuspendAll)
    i.vTaskSwitchContext                     0x08002174   Section        0  tasks.o(i.vTaskSwitchContext)
    i.xPortStartScheduler                    0x080021cc   Section        0  port.o(i.xPortStartScheduler)
    i.xPortSysTickHandler                    0x080021fc   Section        0  port.o(i.xPortSysTickHandler)
    i.xQueueCreateCountingSemaphore          0x08002220   Section        0  queue.o(i.xQueueCreateCountingSemaphore)
    i.xQueueGenericCreate                    0x08002244   Section        0  queue.o(i.xQueueGenericCreate)
    i.xQueueGenericReset                     0x08002282   Section        0  queue.o(i.xQueueGenericReset)
    i.xQueueGenericSend                      0x080022ee   Section        0  queue.o(i.xQueueGenericSend)
    i.xTaskCheckForTimeOut                   0x08002408   Section        0  tasks.o(i.xTaskCheckForTimeOut)
    i.xTaskCreate                            0x0800245c   Section        0  tasks.o(i.xTaskCreate)
    i.xTaskGetSchedulerState                 0x080024ac   Section        0  tasks.o(i.xTaskGetSchedulerState)
    i.xTaskIncrementTick                     0x080024cc   Section        0  tasks.o(i.xTaskIncrementTick)
    i.xTaskPriorityDisinherit                0x08002588   Section        0  tasks.o(i.xTaskPriorityDisinherit)
    i.xTaskRemoveFromEventList               0x080025f0   Section        0  tasks.o(i.xTaskRemoveFromEventList)
    i.xTaskResumeAll                         0x08002654   Section        0  tasks.o(i.xTaskResumeAll)
    .constdata                               0x08002700   Section      480  ssd1306.o(.constdata)
    .constdata                               0x080028e0   Section       80  freertos.o(.constdata)
    .constdata                               0x08002930   Section       16  system_stm32f0xx.o(.constdata)
    .conststring                             0x08002940   Section      144  freertos.o(.conststring)
    .data                                    0x20000000   Section       31  ssd1306.o(.data)
    .data                                    0x20000020   Section       89  freertos.o(.data)
    rot_flag                                 0x20000020   Data           1  freertos.o(.data)
    batt_vltg                                0x20000028   Data           4  freertos.o(.data)
    .data                                    0x2000007c   Section        4  stm32f0xx_hal.o(.data)
    .data                                    0x20000080   Section        4  system_stm32f0xx.o(.data)
    .data                                    0x20000084   Section       24  heap_2.o(.data)
    xFreeBytesRemaining                      0x20000084   Data           4  heap_2.o(.data)
    xHeapHasBeenInitialised                  0x20000088   Data           4  heap_2.o(.data)
    xStart                                   0x2000008c   Data           8  heap_2.o(.data)
    xEnd                                     0x20000094   Data           8  heap_2.o(.data)
    .data                                    0x2000009c   Section        4  port.o(.data)
    uxCriticalNesting                        0x2000009c   Data           4  port.o(.data)
    .data                                    0x200000a0   Section       60  tasks.o(.data)
    uxDeletedTasksWaitingCleanUp             0x200000a4   Data           4  tasks.o(.data)
    uxCurrentNumberOfTasks                   0x200000a8   Data           4  tasks.o(.data)
    xTickCount                               0x200000ac   Data           4  tasks.o(.data)
    uxTopReadyPriority                       0x200000b0   Data           4  tasks.o(.data)
    xSchedulerRunning                        0x200000b4   Data           4  tasks.o(.data)
    uxPendedTicks                            0x200000b8   Data           4  tasks.o(.data)
    xYieldPending                            0x200000bc   Data           4  tasks.o(.data)
    xNumOfOverflows                          0x200000c0   Data           4  tasks.o(.data)
    uxTaskNumber                             0x200000c4   Data           4  tasks.o(.data)
    xNextTaskUnblockTime                     0x200000c8   Data           4  tasks.o(.data)
    xIdleTaskHandle                          0x200000cc   Data           4  tasks.o(.data)
    uxSchedulerSuspended                     0x200000d0   Data           4  tasks.o(.data)
    pxDelayedTaskList                        0x200000d4   Data           4  tasks.o(.data)
    pxOverflowDelayedTaskList                0x200000d8   Data           4  tasks.o(.data)
    .bss                                     0x200000dc   Section      513  ssd1306.o(.bss)
    .bss                                     0x200002e0   Section       76  adc.o(.bss)
    .bss                                     0x2000032c   Section       40  freertos.o(.bss)
    .bss                                     0x20000354   Section       76  i2c.o(.bss)
    .bss                                     0x200003a0   Section       32  rtc.o(.bss)
    .bss                                     0x200003c0   Section     1692  heap_2.o(.bss)
    ucHeap                                   0x200003c0   Data        1692  heap_2.o(.bss)
    .bss                                     0x20000a5c   Section      180  tasks.o(.bss)
    pxReadyTasksLists                        0x20000a5c   Data          80  tasks.o(.bss)
    xDelayedTaskList1                        0x20000aac   Data          20  tasks.o(.bss)
    xDelayedTaskList2                        0x20000ac0   Data          20  tasks.o(.bss)
    xPendingReadyList                        0x20000ad4   Data          20  tasks.o(.bss)
    xTasksWaitingTermination                 0x20000ae8   Data          20  tasks.o(.bss)
    xSuspendedTaskList                       0x20000afc   Data          20  tasks.o(.bss)
    STACK                                    0x20000b10   Section      512  startup_stm32f030x6.o(STACK)

    Global Symbols

    Symbol Name                              Value     Ov Type        Size  Object(Section)

    BuildAttributes$$THM_ISAv3M$S$PE$A:L22$X:L11$S22$IEEE1$IW$USESV6$~STKCKD$USESV7$~SHL$OSPACE$EBA8$MICROLIB$REQ8$PRES8$EABIv2 0x00000000   Number         0  anon$$obj.o ABSOLUTE
    __ARM_use_no_argv                        0x00000000   Number         0  main.o ABSOLUTE
    __cpp_initialize__aeabi_                  - Undefined Weak Reference
    __cxa_finalize                            - Undefined Weak Reference
    __decompress                              - Undefined Weak Reference
    _clock_init                               - Undefined Weak Reference
    _microlib_exit                            - Undefined Weak Reference
    __Vectors_Size                           0x000000b0   Number         0  startup_stm32f030x6.o ABSOLUTE
    __Vectors                                0x08000000   Data           4  startup_stm32f030x6.o(RESET)
    __Vectors_End                            0x080000b0   Data           0  startup_stm32f030x6.o(RESET)
    __main                                   0x080000b1   Thumb Code     0  entry.o(.ARM.Collect$$$$00000000)
    _main_stk                                0x080000b1   Thumb Code     0  entry2.o(.ARM.Collect$$$$00000001)
    _main_scatterload                        0x080000b5   Thumb Code     0  entry5.o(.ARM.Collect$$$$00000004)
    __main_after_scatterload                 0x080000b9   Thumb Code     0  entry5.o(.ARM.Collect$$$$00000004)
    _main_clock                              0x080000b9   Thumb Code     0  entry7b.o(.ARM.Collect$$$$00000008)
    _main_cpp_init                           0x080000b9   Thumb Code     0  entry8b.o(.ARM.Collect$$$$0000000A)
    _main_init                               0x080000b9   Thumb Code     0  entry9a.o(.ARM.Collect$$$$0000000B)
    __rt_final_cpp                           0x080000c1   Thumb Code     0  entry10a.o(.ARM.Collect$$$$0000000D)
    __rt_final_exit                          0x080000c1   Thumb Code     0  entry11a.o(.ARM.Collect$$$$0000000F)
    __asm___6_port_c_39a90d8d__prvPortStartFirstTask 0x080000c5   Thumb Code    36  port.o(.emb_text)
    ulSetInterruptMaskFromISR                0x080000ed   Thumb Code     8  port.o(.emb_text)
    vClearInterruptMaskFromISR               0x080000f5   Thumb Code     6  port.o(.emb_text)
    PendSV_Handler                           0x080000fb   Thumb Code    62  port.o(.emb_text)
    Reset_Handler                            0x0800013d   Thumb Code     8  startup_stm32f030x6.o(.text)
    ADC1_IRQHandler                          0x0800014f   Thumb Code     0  startup_stm32f030x6.o(.text)
    DMA1_Channel1_IRQHandler                 0x0800014f   Thumb Code     0  startup_stm32f030x6.o(.text)
    DMA1_Channel2_3_IRQHandler               0x0800014f   Thumb Code     0  startup_stm32f030x6.o(.text)
    DMA1_Channel4_5_IRQHandler               0x0800014f   Thumb Code     0  startup_stm32f030x6.o(.text)
    EXTI0_1_IRQHandler                       0x0800014f   Thumb Code     0  startup_stm32f030x6.o(.text)
    EXTI2_3_IRQHandler                       0x0800014f   Thumb Code     0  startup_stm32f030x6.o(.text)
    EXTI4_15_IRQHandler                      0x0800014f   Thumb Code     0  startup_stm32f030x6.o(.text)
    FLASH_IRQHandler                         0x0800014f   Thumb Code     0  startup_stm32f030x6.o(.text)
    I2C1_IRQHandler                          0x0800014f   Thumb Code     0  startup_stm32f030x6.o(.text)
    RCC_IRQHandler                           0x0800014f   Thumb Code     0  startup_stm32f030x6.o(.text)
    RTC_IRQHandler                           0x0800014f   Thumb Code     0  startup_stm32f030x6.o(.text)
    SPI1_IRQHandler                          0x0800014f   Thumb Code     0  startup_stm32f030x6.o(.text)
    TIM14_IRQHandler                         0x0800014f   Thumb Code     0  startup_stm32f030x6.o(.text)
    TIM16_IRQHandler                         0x0800014f   Thumb Code     0  startup_stm32f030x6.o(.text)
    TIM17_IRQHandler                         0x0800014f   Thumb Code     0  startup_stm32f030x6.o(.text)
    TIM1_BRK_UP_TRG_COM_IRQHandler           0x0800014f   Thumb Code     0  startup_stm32f030x6.o(.text)
    TIM1_CC_IRQHandler                       0x0800014f   Thumb Code     0  startup_stm32f030x6.o(.text)
    TIM3_IRQHandler                          0x0800014f   Thumb Code     0  startup_stm32f030x6.o(.text)
    USART1_IRQHandler                        0x0800014f   Thumb Code     0  startup_stm32f030x6.o(.text)
    WWDG_IRQHandler                          0x0800014f   Thumb Code     0  startup_stm32f030x6.o(.text)
    __aeabi_uidiv                            0x08000159   Thumb Code     0  uidiv.o(.text)
    __aeabi_uidivmod                         0x08000159   Thumb Code    44  uidiv.o(.text)
    __aeabi_memcpy                           0x08000185   Thumb Code    36  memcpya.o(.text)
    __aeabi_memcpy4                          0x08000185   Thumb Code     0  memcpya.o(.text)
    __aeabi_memcpy8                          0x08000185   Thumb Code     0  memcpya.o(.text)
    strcpy                                   0x080001a9   Thumb Code    18  strcpy.o(.text)
    __scatterload                            0x080001bd   Thumb Code    28  init.o(.text)
    __scatterload_rt2                        0x080001bd   Thumb Code     0  init.o(.text)
    HAL_ADC_ConfigChannel                    0x080001e1   Thumb Code   254  stm32f0xx_hal_adc.o(i.HAL_ADC_ConfigChannel)
    HAL_ADC_Init                             0x080002f1   Thumb Code   364  stm32f0xx_hal_adc.o(i.HAL_ADC_Init)
    HAL_ADC_MspInit                          0x08000465   Thumb Code    28  adc.o(i.HAL_ADC_MspInit)
    HAL_Delay                                0x08000489   Thumb Code    28  stm32f0xx_hal.o(i.HAL_Delay)
    HAL_GPIO_Init                            0x080004a5   Thumb Code   302  stm32f0xx_hal_gpio.o(i.HAL_GPIO_Init)
    HAL_GetTick                              0x080005ed   Thumb Code     6  stm32f0xx_hal.o(i.HAL_GetTick)
    HAL_I2CEx_ConfigAnalogFilter             0x080005f9   Thumb Code    74  stm32f0xx_hal_i2c_ex.o(i.HAL_I2CEx_ConfigAnalogFilter)
    HAL_I2CEx_ConfigDigitalFilter            0x08000643   Thumb Code    72  stm32f0xx_hal_i2c_ex.o(i.HAL_I2CEx_ConfigDigitalFilter)
    HAL_I2C_Init                             0x0800068d   Thumb Code   176  stm32f0xx_hal_i2c.o(i.HAL_I2C_Init)
    HAL_I2C_Master_Transmit                  0x08000741   Thumb Code   274  stm32f0xx_hal_i2c.o(i.HAL_I2C_Master_Transmit)
    HAL_I2C_MspInit                          0x08000859   Thumb Code    66  i2c.o(i.HAL_I2C_MspInit)
    HAL_IncTick                              0x080008a5   Thumb Code    10  stm32f0xx_hal.o(i.HAL_IncTick)
    HAL_Init                                 0x080008b5   Thumb Code    26  stm32f0xx_hal.o(i.HAL_Init)
    HAL_InitTick                             0x080008d5   Thumb Code    34  stm32f0xx_hal.o(i.HAL_InitTick)
    HAL_MspInit                              0x080008f9   Thumb Code    50  stm32f0xx_hal_msp.o(i.HAL_MspInit)
    HAL_NVIC_SetPriority                     0x08000931   Thumb Code     8  stm32f0xx_hal_cortex.o(i.HAL_NVIC_SetPriority)
    HAL_RCCEx_PeriphCLKConfig                0x08000939   Thumb Code   218  stm32f0xx_hal_rcc_ex.o(i.HAL_RCCEx_PeriphCLKConfig)
    HAL_RCC_ClockConfig                      0x08000a21   Thumb Code   280  stm32f0xx_hal_rcc.o(i.HAL_RCC_ClockConfig)
    HAL_RCC_GetHCLKFreq                      0x08000b4d   Thumb Code     6  stm32f0xx_hal_rcc.o(i.HAL_RCC_GetHCLKFreq)
    HAL_RCC_GetSysClockFreq                  0x08000b59   Thumb Code    80  stm32f0xx_hal_rcc.o(i.HAL_RCC_GetSysClockFreq)
    HAL_RCC_OscConfig                        0x08000bd9   Thumb Code   840  stm32f0xx_hal_rcc.o(i.HAL_RCC_OscConfig)
    HAL_RTC_GetDate                          0x08000f2d   Thumb Code    68  stm32f0xx_hal_rtc.o(i.HAL_RTC_GetDate)
    HAL_RTC_GetTime                          0x08000f71   Thumb Code    88  stm32f0xx_hal_rtc.o(i.HAL_RTC_GetTime)
    HAL_RTC_Init                             0x08000fcd   Thumb Code   174  stm32f0xx_hal_rtc.o(i.HAL_RTC_Init)
    HAL_RTC_MspInit                          0x08001081   Thumb Code    22  rtc.o(i.HAL_RTC_MspInit)
    HAL_RTC_WaitForSynchro                   0x080010a1   Thumb Code    52  stm32f0xx_hal_rtc.o(i.HAL_RTC_WaitForSynchro)
    HAL_SYSTICK_CLKSourceConfig              0x080010d5   Thumb Code    20  stm32f0xx_hal_cortex.o(i.HAL_SYSTICK_CLKSourceConfig)
    HAL_SYSTICK_Config                       0x080010ed   Thumb Code    38  stm32f0xx_hal_cortex.o(i.HAL_SYSTICK_Config)
    HardFault_Handler                        0x0800111d   Thumb Code     2  stm32f0xx_it.o(i.HardFault_Handler)
    LCD_2xChr                                0x080012c1   Thumb Code   238  ssd1306.o(i.LCD_2xChr)
    LCD_2xFStr                               0x080013c1   Thumb Code    30  ssd1306.o(i.LCD_2xFStr)
    LCD_Batt                                 0x080013e1   Thumb Code    86  ssd1306.o(i.LCD_Batt)
    LCD_Chr                                  0x08001459   Thumb Code    98  ssd1306.o(i.LCD_Chr)
    LCD_Clear                                0x080014c9   Thumb Code    26  ssd1306.o(i.LCD_Clear)
    LCD_FStr                                 0x080014f1   Thumb Code    30  ssd1306.o(i.LCD_FStr)
    LCD_GotoXY                               0x08001511   Thumb Code    16  ssd1306.o(i.LCD_GotoXY)
    LCD_Init                                 0x08001525   Thumb Code    20  ssd1306.o(i.LCD_Init)
    LCD_Update                               0x08001541   Thumb Code    62  ssd1306.o(i.LCD_Update)
    LCD_command                              0x0800158d   Thumb Code    30  ssd1306.o(i.LCD_command)
    MX_ADC_Init                              0x080015b1   Thumb Code   118  adc.o(i.MX_ADC_Init)
    MX_FREERTOS_Init                         0x08001641   Thumb Code    88  freertos.o(i.MX_FREERTOS_Init)
    MX_GPIO_Init                             0x080016a1   Thumb Code    22  gpio.o(i.MX_GPIO_Init)
    MX_I2C1_Init                             0x080016bd   Thumb Code   100  i2c.o(i.MX_I2C1_Init)
    MX_RTC_Init                              0x0800173d   Thumb Code    44  rtc.o(i.MX_RTC_Init)
    NMI_Handler                              0x08001785   Thumb Code     2  stm32f0xx_it.o(i.NMI_Handler)
    RTC_Bcd2ToByte                           0x080017cd   Thumb Code    16  stm32f0xx_hal_rtc.o(i.RTC_Bcd2ToByte)
    RTC_EnterInitMode                        0x080017dd   Thumb Code    56  stm32f0xx_hal_rtc.o(i.RTC_EnterInitMode)
    SVC_Handler                              0x08001815   Thumb Code     2  port.o(i.SVC_Handler)
    StartReceiverTask                        0x08001819   Thumb Code   114  freertos.o(i.StartReceiverTask)
    StartSenderTask_1                        0x08001899   Thumb Code   174  freertos.o(i.StartSenderTask_1)
    StartSenderTask_2                        0x08001971   Thumb Code    66  freertos.o(i.StartSenderTask_2)
    SysTick_Handler                          0x080019bd   Thumb Code    20  stm32f0xx_it.o(i.SysTick_Handler)
    SystemClock_Config                       0x080019d1   Thumb Code   130  main.o(i.SystemClock_Config)
    SystemInit                               0x08001a59   Thumb Code    78  system_stm32f0xx.o(i.SystemInit)
    _Error_Handler                           0x08001ab5   Thumb Code     2  main.o(i._Error_Handler)
    __scatterload_copy                       0x08001ab7   Thumb Code    14  handlers.o(i.__scatterload_copy)
    __scatterload_null                       0x08001ac5   Thumb Code     2  handlers.o(i.__scatterload_null)
    __scatterload_zeroinit                   0x08001ac7   Thumb Code    14  handlers.o(i.__scatterload_zeroinit)
    main                                     0x08001ad5   Thumb Code    44  main.o(i.main)
    osDelay                                  0x08001b0d   Thumb Code    16  cmsis_os.o(i.osDelay)
    osKernelStart                            0x08001b1d   Thumb Code    10  cmsis_os.o(i.osKernelStart)
    osSemaphoreCreate                        0x08001b27   Thumb Code    42  cmsis_os.o(i.osSemaphoreCreate)
    osThreadCreate                           0x08001b51   Thumb Code    46  cmsis_os.o(i.osThreadCreate)
    pvPortMalloc                             0x08001e9d   Thumb Code   168  heap_2.o(i.pvPortMalloc)
    pxPortInitialiseStack                    0x08001f51   Thumb Code    28  port.o(i.pxPortInitialiseStack)
    uxListRemove                             0x08001f71   Thumb Code    36  list.o(i.uxListRemove)
    vListInitialise                          0x08001f95   Thumb Code    22  list.o(i.vListInitialise)
    vListInitialiseItem                      0x08001fab   Thumb Code     6  list.o(i.vListInitialiseItem)
    vListInsert                              0x08001fb1   Thumb Code    48  list.o(i.vListInsert)
    vListInsertEnd                           0x08001fe1   Thumb Code    24  list.o(i.vListInsertEnd)
    vPortEnterCritical                       0x08001ff9   Thumb Code    20  port.o(i.vPortEnterCritical)
    vPortExitCritical                        0x08002011   Thumb Code    22  port.o(i.vPortExitCritical)
    vPortFree                                0x0800202d   Thumb Code    52  heap_2.o(i.vPortFree)
    vPortSetupTimerInterrupt                 0x08002065   Thumb Code    26  port.o(i.vPortSetupTimerInterrupt)
    vPortYield                               0x08002089   Thumb Code    18  port.o(i.vPortYield)
    vTaskDelay                               0x080020a1   Thumb Code    44  tasks.o(i.vTaskDelay)
    vTaskMissedYield                         0x080020d1   Thumb Code     8  tasks.o(i.vTaskMissedYield)
    vTaskPlaceOnEventList                    0x080020dd   Thumb Code    32  tasks.o(i.vTaskPlaceOnEventList)
    vTaskSetTimeOutState                     0x08002101   Thumb Code    20  tasks.o(i.vTaskSetTimeOutState)
    vTaskStartScheduler                      0x08002119   Thumb Code    58  tasks.o(i.vTaskStartScheduler)
    vTaskSuspendAll                          0x08002165   Thumb Code    10  tasks.o(i.vTaskSuspendAll)
    vTaskSwitchContext                       0x08002175   Thumb Code    78  tasks.o(i.vTaskSwitchContext)
    xPortStartScheduler                      0x080021cd   Thumb Code    40  port.o(i.xPortStartScheduler)
    xPortSysTickHandler                      0x080021fd   Thumb Code    32  port.o(i.xPortSysTickHandler)
    xQueueCreateCountingSemaphore            0x08002221   Thumb Code    36  queue.o(i.xQueueCreateCountingSemaphore)
    xQueueGenericCreate                      0x08002245   Thumb Code    62  queue.o(i.xQueueGenericCreate)
    xQueueGenericReset                       0x08002283   Thumb Code   108  queue.o(i.xQueueGenericReset)
    xQueueGenericSend                        0x080022ef   Thumb Code   280  queue.o(i.xQueueGenericSend)
    xTaskCheckForTimeOut                     0x08002409   Thumb Code    80  tasks.o(i.xTaskCheckForTimeOut)
    xTaskCreate                              0x0800245d   Thumb Code    78  tasks.o(i.xTaskCreate)
    xTaskGetSchedulerState                   0x080024ad   Thumb Code    26  tasks.o(i.xTaskGetSchedulerState)
    xTaskIncrementTick                       0x080024cd   Thumb Code   180  tasks.o(i.xTaskIncrementTick)
    xTaskPriorityDisinherit                  0x08002589   Thumb Code    96  tasks.o(i.xTaskPriorityDisinherit)
    xTaskRemoveFromEventList                 0x080025f1   Thumb Code    90  tasks.o(i.xTaskRemoveFromEventList)
    xTaskResumeAll                           0x08002655   Thumb Code   164  tasks.o(i.xTaskResumeAll)
    font                                     0x08002700   Data         480  ssd1306.o(.constdata)
    Chars                                    0x080028e0   Data          18  freertos.o(.constdata)
    AHBPrescTable                            0x08002930   Data          16  system_stm32f0xx.o(.constdata)
    Region$$Table$$Base                      0x080029d0   Number         0  anon$$obj.o(Region$$Table)
    Region$$Table$$Limit                     0x080029f0   Number         0  anon$$obj.o(Region$$Table)
    x_cur                                    0x20000000   Data           1  ssd1306.o(.data)
    y_cur                                    0x20000001   Data           1  ssd1306.o(.data)
    lcd_buff_idx                             0x20000002   Data           2  ssd1306.o(.data)
    comm                                     0x20000004   Data          27  ssd1306.o(.data)
    WeekDay                                  0x20000021   Data           4  freertos.o(.data)
    ReceiverHandle                           0x2000002c   Data           4  freertos.o(.data)
    Sender_1Handle                           0x20000030   Data           4  freertos.o(.data)
    Sender_2Handle                           0x20000034   Data           4  freertos.o(.data)
    myBinarySem01Handle                      0x20000038   Data           4  freertos.o(.data)
    ptMess                                   0x2000003c   Data           4  freertos.o(.data)
    sDate                                    0x20000040   Data           4  freertos.o(.data)
    Day                                      0x20000044   Data          32  freertos.o(.data)
    run_string                               0x20000064   Data          21  freertos.o(.data)
    uwTick                                   0x2000007c   Data           4  stm32f0xx_hal.o(.data)
    SystemCoreClock                          0x20000080   Data           4  system_stm32f0xx.o(.data)
    pxCurrentTCB                             0x200000a0   Data           4  tasks.o(.data)
    lcd_buff                                 0x200000dc   Data         513  ssd1306.o(.bss)
    hadc                                     0x200002e0   Data          76  adc.o(.bss)
    clock                                    0x2000032c   Data           9  freertos.o(.bss)
    calendar                                 0x20000335   Data           9  freertos.o(.bss)
    sTime                                    0x20000340   Data          20  freertos.o(.bss)
    hi2c1                                    0x20000354   Data          76  i2c.o(.bss)
    hrtc                                     0x200003a0   Data          32  rtc.o(.bss)
    __initial_sp                             0x20000d10   Data           0  startup_stm32f030x6.o(STACK)



==============================================================================

Memory Map of the image

  Image Entry point : 0x080000b1

  Load Region LR_IROM1 (Base: 0x08000000, Size: 0x00002acc, Max: 0x00004000, ABSOLUTE)

    Execution Region ER_IROM1 (Exec base: 0x08000000, Load base: 0x08000000, Size: 0x000029f0, Max: 0x00004000, ABSOLUTE)

    Exec Addr    Load Addr    Size         Type   Attr      Idx    E Section Name        Object

    0x08000000   0x08000000   0x000000b0   Data   RO            3    RESET               startup_stm32f030x6.o
    0x080000b0   0x080000b0   0x00000000   Code   RO         3353  * .ARM.Collect$$$$00000000  mc_p.l(entry.o)
    0x080000b0   0x080000b0   0x00000004   Code   RO         3368    .ARM.Collect$$$$00000001  mc_p.l(entry2.o)
    0x080000b4   0x080000b4   0x00000004   Code   RO         3371    .ARM.Collect$$$$00000004  mc_p.l(entry5.o)
    0x080000b8   0x080000b8   0x00000000   Code   RO         3373    .ARM.Collect$$$$00000008  mc_p.l(entry7b.o)
    0x080000b8   0x080000b8   0x00000000   Code   RO         3375    .ARM.Collect$$$$0000000A  mc_p.l(entry8b.o)
    0x080000b8   0x080000b8   0x00000008   Code   RO         3376    .ARM.Collect$$$$0000000B  mc_p.l(entry9a.o)
    0x080000c0   0x080000c0   0x00000000   Code   RO         3378    .ARM.Collect$$$$0000000D  mc_p.l(entry10a.o)
    0x080000c0   0x080000c0   0x00000000   Code   RO         3380    .ARM.Collect$$$$0000000F  mc_p.l(entry11a.o)
    0x080000c0   0x080000c0   0x00000004   Code   RO         3369    .ARM.Collect$$$$00002712  mc_p.l(entry2.o)
    0x080000c4   0x080000c4   0x00000078   Code   RO         2372    .emb_text           port.o
    0x0800013c   0x0800013c   0x0000001c   Code   RO            4    .text               startup_stm32f030x6.o
    0x08000158   0x08000158   0x0000002c   Code   RO         3356    .text               mc_p.l(uidiv.o)
    0x08000184   0x08000184   0x00000024   Code   RO         3360    .text               mc_p.l(memcpya.o)
    0x080001a8   0x080001a8   0x00000012   Code   RO         3364    .text               mc_p.l(strcpy.o)
    0x080001ba   0x080001ba   0x00000002   PAD
    0x080001bc   0x080001bc   0x00000024   Code   RO         3382    .text               mc_p.l(init.o)
    0x080001e0   0x080001e0   0x00000110   Code   RO          555    i.HAL_ADC_ConfigChannel  stm32f0xx_hal_adc.o
    0x080002f0   0x080002f0   0x00000174   Code   RO          564    i.HAL_ADC_Init      stm32f0xx_hal_adc.o
    0x08000464   0x08000464   0x00000024   Code   RO          315    i.HAL_ADC_MspInit   adc.o
    0x08000488   0x08000488   0x0000001c   Code   RO         1642    i.HAL_Delay         stm32f0xx_hal.o
    0x080004a4   0x080004a4   0x00000148   Code   RO         1777    i.HAL_GPIO_Init     stm32f0xx_hal_gpio.o
    0x080005ec   0x080005ec   0x0000000c   Code   RO         1646    i.HAL_GetTick       stm32f0xx_hal.o
    0x080005f8   0x080005f8   0x0000004a   Code   RO         1168    i.HAL_I2CEx_ConfigAnalogFilter  stm32f0xx_hal_i2c_ex.o
    0x08000642   0x08000642   0x00000048   Code   RO         1169    i.HAL_I2CEx_ConfigDigitalFilter  stm32f0xx_hal_i2c_ex.o
    0x0800068a   0x0800068a   0x00000002   PAD
    0x0800068c   0x0800068c   0x000000b4   Code   RO          755    i.HAL_I2C_Init      stm32f0xx_hal_i2c.o
    0x08000740   0x08000740   0x00000118   Code   RO          766    i.HAL_I2C_Master_Transmit  stm32f0xx_hal_i2c.o
    0x08000858   0x08000858   0x0000004c   Code   RO          418    i.HAL_I2C_MspInit   i2c.o
    0x080008a4   0x080008a4   0x00000010   Code   RO         1650    i.HAL_IncTick       stm32f0xx_hal.o
    0x080008b4   0x080008b4   0x00000020   Code   RO         1651    i.HAL_Init          stm32f0xx_hal.o
    0x080008d4   0x080008d4   0x00000022   Code   RO         1652    i.HAL_InitTick      stm32f0xx_hal.o
    0x080008f6   0x080008f6   0x00000002   PAD
    0x080008f8   0x080008f8   0x00000038   Code   RO          528    i.HAL_MspInit       stm32f0xx_hal_msp.o
    0x08000930   0x08000930   0x00000008   Code   RO         1940    i.HAL_NVIC_SetPriority  stm32f0xx_hal_cortex.o
    0x08000938   0x08000938   0x000000e8   Code   RO         1607    i.HAL_RCCEx_PeriphCLKConfig  stm32f0xx_hal_rcc_ex.o
    0x08000a20   0x08000a20   0x0000012c   Code   RO         1514    i.HAL_RCC_ClockConfig  stm32f0xx_hal_rcc.o
    0x08000b4c   0x08000b4c   0x0000000c   Code   RO         1519    i.HAL_RCC_GetHCLKFreq  stm32f0xx_hal_rcc.o
    0x08000b58   0x08000b58   0x00000080   Code   RO         1522    i.HAL_RCC_GetSysClockFreq  stm32f0xx_hal_rcc.o
    0x08000bd8   0x08000bd8   0x00000354   Code   RO         1525    i.HAL_RCC_OscConfig  stm32f0xx_hal_rcc.o
    0x08000f2c   0x08000f2c   0x00000044   Code   RO         1211    i.HAL_RTC_GetDate   stm32f0xx_hal_rtc.o
    0x08000f70   0x08000f70   0x0000005c   Code   RO         1213    i.HAL_RTC_GetTime   stm32f0xx_hal_rtc.o
    0x08000fcc   0x08000fcc   0x000000b4   Code   RO         1214    i.HAL_RTC_Init      stm32f0xx_hal_rtc.o
    0x08001080   0x08001080   0x00000020   Code   RO          456    i.HAL_RTC_MspInit   rtc.o
    0x080010a0   0x080010a0   0x00000034   Code   RO         1222    i.HAL_RTC_WaitForSynchro  stm32f0xx_hal_rtc.o
    0x080010d4   0x080010d4   0x00000018   Code   RO         1942    i.HAL_SYSTICK_CLKSourceConfig  stm32f0xx_hal_cortex.o
    0x080010ec   0x080010ec   0x00000030   Code   RO         1944    i.HAL_SYSTICK_Config  stm32f0xx_hal_cortex.o
    0x0800111c   0x0800111c   0x00000002   Code   RO          493    i.HardFault_Handler  stm32f0xx_it.o
    0x0800111e   0x0800111e   0x00000022   Code   RO          797    i.I2C_Flush_TXDR    stm32f0xx_hal_i2c.o
    0x08001140   0x08001140   0x00000074   Code   RO          805    i.I2C_IsAcknowledgeFailed  stm32f0xx_hal_i2c.o
    0x080011b4   0x080011b4   0x00000024   Code   RO          812    i.I2C_TransferConfig  stm32f0xx_hal_i2c.o
    0x080011d8   0x080011d8   0x00000048   Code   RO          813    i.I2C_WaitOnFlagUntilTimeout  stm32f0xx_hal_i2c.o
    0x08001220   0x08001220   0x0000004e   Code   RO          815    i.I2C_WaitOnSTOPFlagUntilTimeout  stm32f0xx_hal_i2c.o
    0x0800126e   0x0800126e   0x00000052   Code   RO          816    i.I2C_WaitOnTXISFlagUntilTimeout  stm32f0xx_hal_i2c.o
    0x080012c0   0x080012c0   0x00000100   Code   RO           12    i.LCD_2xChr         ssd1306.o
    0x080013c0   0x080013c0   0x0000001e   Code   RO           13    i.LCD_2xFStr        ssd1306.o
    0x080013de   0x080013de   0x00000002   PAD
    0x080013e0   0x080013e0   0x00000078   Code   RO           14    i.LCD_Batt          ssd1306.o
    0x08001458   0x08001458   0x00000070   Code   RO           15    i.LCD_Chr           ssd1306.o
    0x080014c8   0x080014c8   0x00000028   Code   RO           16    i.LCD_Clear         ssd1306.o
    0x080014f0   0x080014f0   0x0000001e   Code   RO           17    i.LCD_FStr          ssd1306.o
    0x0800150e   0x0800150e   0x00000002   PAD
    0x08001510   0x08001510   0x00000014   Code   RO           18    i.LCD_GotoXY        ssd1306.o
    0x08001524   0x08001524   0x0000001c   Code   RO           19    i.LCD_Init          ssd1306.o
    0x08001540   0x08001540   0x0000004c   Code   RO           22    i.LCD_Update        ssd1306.o
    0x0800158c   0x0800158c   0x00000024   Code   RO           23    i.LCD_command       ssd1306.o
    0x080015b0   0x080015b0   0x00000090   Code   RO          316    i.MX_ADC_Init       adc.o
    0x08001640   0x08001640   0x00000060   Code   RO          352    i.MX_FREERTOS_Init  freertos.o
    0x080016a0   0x080016a0   0x0000001c   Code   RO          294    i.MX_GPIO_Init      gpio.o
    0x080016bc   0x080016bc   0x00000080   Code   RO          419    i.MX_I2C1_Init      i2c.o
    0x0800173c   0x0800173c   0x00000048   Code   RO          457    i.MX_RTC_Init       rtc.o
    0x08001784   0x08001784   0x00000002   Code   RO          494    i.NMI_Handler       stm32f0xx_it.o
    0x08001786   0x08001786   0x00000002   PAD
    0x08001788   0x08001788   0x00000044   Code   RO         1946    i.NVIC_SetPriority  stm32f0xx_hal_cortex.o
    0x080017cc   0x080017cc   0x00000010   Code   RO         1223    i.RTC_Bcd2ToByte    stm32f0xx_hal_rtc.o
    0x080017dc   0x080017dc   0x00000038   Code   RO         1225    i.RTC_EnterInitMode  stm32f0xx_hal_rtc.o
    0x08001814   0x08001814   0x00000002   Code   RO         2373    i.SVC_Handler       port.o
    0x08001816   0x08001816   0x00000002   PAD
    0x08001818   0x08001818   0x00000080   Code   RO          353    i.StartReceiverTask  freertos.o
    0x08001898   0x08001898   0x000000d8   Code   RO          354    i.StartSenderTask_1  freertos.o
    0x08001970   0x08001970   0x0000004c   Code   RO          355    i.StartSenderTask_2  freertos.o
    0x080019bc   0x080019bc   0x00000014   Code   RO          495    i.SysTick_Handler   stm32f0xx_it.o
    0x080019d0   0x080019d0   0x00000088   Code   RO          198    i.SystemClock_Config  main.o
    0x08001a58   0x08001a58   0x0000005c   Code   RO         2299    i.SystemInit        system_stm32f0xx.o
    0x08001ab4   0x08001ab4   0x00000002   Code   RO          199    i._Error_Handler    main.o
    0x08001ab6   0x08001ab6   0x0000000e   Code   RO         3386    i.__scatterload_copy  mc_p.l(handlers.o)
    0x08001ac4   0x08001ac4   0x00000002   Code   RO         3387    i.__scatterload_null  mc_p.l(handlers.o)
    0x08001ac6   0x08001ac6   0x0000000e   Code   RO         3388    i.__scatterload_zeroinit  mc_p.l(handlers.o)
    0x08001ad4   0x08001ad4   0x0000002c   Code   RO          200    i.main              main.o
    0x08001b00   0x08001b00   0x0000000c   Code   RO         2995    i.makeFreeRtosPriority  cmsis_os.o
    0x08001b0c   0x08001b0c   0x00000010   Code   RO         2997    i.osDelay           cmsis_os.o
    0x08001b1c   0x08001b1c   0x0000000a   Code   RO         3000    i.osKernelStart     cmsis_os.o
    0x08001b26   0x08001b26   0x0000002a   Code   RO         3026    i.osSemaphoreCreate  cmsis_os.o
    0x08001b50   0x08001b50   0x0000002e   Code   RO         3034    i.osThreadCreate    cmsis_os.o
    0x08001b7e   0x08001b7e   0x00000002   PAD
    0x08001b80   0x08001b80   0x00000058   Code   RO         2700    i.prvAddCurrentTaskToDelayedList  tasks.o
    0x08001bd8   0x08001bd8   0x000000b8   Code   RO         2701    i.prvAddNewTaskToReadyList  tasks.o
    0x08001c90   0x08001c90   0x00000050   Code   RO         2702    i.prvCheckTasksWaitingTermination  tasks.o
    0x08001ce0   0x08001ce0   0x00000070   Code   RO         2555    i.prvCopyDataToQueue  queue.o
    0x08001d50   0x08001d50   0x00000012   Code   RO         2703    i.prvDeleteTCB      tasks.o
    0x08001d62   0x08001d62   0x00000002   PAD
    0x08001d64   0x08001d64   0x00000018   Code   RO         2704    i.prvIdleTask       tasks.o
    0x08001d7c   0x08001d7c   0x0000007c   Code   RO         2705    i.prvInitialiseNewTask  tasks.o
    0x08001df8   0x08001df8   0x00000020   Code   RO         2706    i.prvResetNextTaskUnblockTime  tasks.o
    0x08001e18   0x08001e18   0x00000014   Code   RO         2374    i.prvTaskExitError  port.o
    0x08001e2c   0x08001e2c   0x00000070   Code   RO         2557    i.prvUnlockQueue    queue.o
    0x08001e9c   0x08001e9c   0x000000b4   Code   RO         2330    i.pvPortMalloc      heap_2.o
    0x08001f50   0x08001f50   0x00000020   Code   RO         2375    i.pxPortInitialiseStack  port.o
    0x08001f70   0x08001f70   0x00000024   Code   RO         2517    i.uxListRemove      list.o
    0x08001f94   0x08001f94   0x00000016   Code   RO         2518    i.vListInitialise   list.o
    0x08001faa   0x08001faa   0x00000006   Code   RO         2519    i.vListInitialiseItem  list.o
    0x08001fb0   0x08001fb0   0x00000030   Code   RO         2520    i.vListInsert       list.o
    0x08001fe0   0x08001fe0   0x00000018   Code   RO         2521    i.vListInsertEnd    list.o
    0x08001ff8   0x08001ff8   0x00000018   Code   RO         2377    i.vPortEnterCritical  port.o
    0x08002010   0x08002010   0x0000001c   Code   RO         2378    i.vPortExitCritical  port.o
    0x0800202c   0x0800202c   0x00000038   Code   RO         2331    i.vPortFree         heap_2.o
    0x08002064   0x08002064   0x00000024   Code   RO         2379    i.vPortSetupTimerInterrupt  port.o
    0x08002088   0x08002088   0x00000018   Code   RO         2380    i.vPortYield        port.o
    0x080020a0   0x080020a0   0x00000030   Code   RO         2714    i.vTaskDelay        tasks.o
    0x080020d0   0x080020d0   0x0000000c   Code   RO         2718    i.vTaskMissedYield  tasks.o
    0x080020dc   0x080020dc   0x00000024   Code   RO         2720    i.vTaskPlaceOnEventList  tasks.o
    0x08002100   0x08002100   0x00000018   Code   RO         2725    i.vTaskSetTimeOutState  tasks.o
    0x08002118   0x08002118   0x0000004c   Code   RO         2726    i.vTaskStartScheduler  tasks.o
    0x08002164   0x08002164   0x00000010   Code   RO         2728    i.vTaskSuspendAll   tasks.o
    0x08002174   0x08002174   0x00000058   Code   RO         2729    i.vTaskSwitchContext  tasks.o
    0x080021cc   0x080021cc   0x00000030   Code   RO         2381    i.xPortStartScheduler  port.o
    0x080021fc   0x080021fc   0x00000024   Code   RO         2382    i.xPortSysTickHandler  port.o
    0x08002220   0x08002220   0x00000024   Code   RO         2564    i.xQueueCreateCountingSemaphore  queue.o
    0x08002244   0x08002244   0x0000003e   Code   RO         2566    i.xQueueGenericCreate  queue.o
    0x08002282   0x08002282   0x0000006c   Code   RO         2568    i.xQueueGenericReset  queue.o
    0x080022ee   0x080022ee   0x00000118   Code   RO         2569    i.xQueueGenericSend  queue.o
    0x08002406   0x08002406   0x00000002   PAD
    0x08002408   0x08002408   0x00000054   Code   RO         2730    i.xTaskCheckForTimeOut  tasks.o
    0x0800245c   0x0800245c   0x0000004e   Code   RO         2731    i.xTaskCreate       tasks.o
    0x080024aa   0x080024aa   0x00000002   PAD
    0x080024ac   0x080024ac   0x00000020   Code   RO         2735    i.xTaskGetSchedulerState  tasks.o
    0x080024cc   0x080024cc   0x000000bc   Code   RO         2738    i.xTaskIncrementTick  tasks.o
    0x08002588   0x08002588   0x00000068   Code   RO         2741    i.xTaskPriorityDisinherit  tasks.o
    0x080025f0   0x080025f0   0x00000064   Code   RO         2742    i.xTaskRemoveFromEventList  tasks.o
    0x08002654   0x08002654   0x000000ac   Code   RO         2744    i.xTaskResumeAll    tasks.o
    0x08002700   0x08002700   0x000001e0   Data   RO           25    .constdata          ssd1306.o
    0x080028e0   0x080028e0   0x00000050   Data   RO          357    .constdata          freertos.o
    0x08002930   0x08002930   0x00000010   Data   RO         2300    .constdata          system_stm32f0xx.o
    0x08002940   0x08002940   0x00000090   Data   RO          358    .conststring        freertos.o
    0x080029d0   0x080029d0   0x00000020   Data   RO         3384    Region$$Table       anon$$obj.o


    Execution Region RW_IRAM1 (Exec base: 0x20000000, Load base: 0x080029f0, Size: 0x00000d10, Max: 0x00001000, ABSOLUTE)

    Exec Addr    Load Addr    Size         Type   Attr      Idx    E Section Name        Object

    0x20000000   0x080029f0   0x0000001f   Data   RW           26    .data               ssd1306.o
    0x2000001f   0x08002a0f   0x00000001   PAD
    0x20000020   0x08002a10   0x00000059   Data   RW          359    .data               freertos.o
    0x20000079   0x08002a69   0x00000003   PAD
    0x2000007c   0x08002a6c   0x00000004   Data   RW         1657    .data               stm32f0xx_hal.o
    0x20000080   0x08002a70   0x00000004   Data   RW         2302    .data               system_stm32f0xx.o
    0x20000084   0x08002a74   0x00000018   Data   RW         2335    .data               heap_2.o
    0x2000009c   0x08002a8c   0x00000004   Data   RW         2383    .data               port.o
    0x200000a0   0x08002a90   0x0000003c   Data   RW         2747    .data               tasks.o
    0x200000dc        -       0x00000201   Zero   RW           24    .bss                ssd1306.o
    0x200002dd   0x08002acc   0x00000003   PAD
    0x200002e0        -       0x0000004c   Zero   RW          317    .bss                adc.o
    0x2000032c        -       0x00000028   Zero   RW          356    .bss                freertos.o
    0x20000354        -       0x0000004c   Zero   RW          420    .bss                i2c.o
    0x200003a0        -       0x00000020   Zero   RW          458    .bss                rtc.o
    0x200003c0        -       0x0000069c   Zero   RW         2334    .bss                heap_2.o
    0x20000a5c        -       0x000000b4   Zero   RW         2746    .bss                tasks.o
    0x20000b10        -       0x00000200   Zero   RW            1    STACK               startup_stm32f030x6.o


==============================================================================

Image component sizes


      Code (inc. data)   RO Data    RW Data    ZI Data      Debug   Object Name

       180         34          0          0         76       1391   adc.o
       126          0          0          0          0       7729   cmsis_os.o
       516         74        224         89         40       3537   freertos.o
        28          6          0          0          0        659   gpio.o
       236         16          0         24       1692       4711   heap_2.o
       204         38          0          0         76       1457   i2c.o
       136          0          0          0          0       3214   list.o
       182          6          0          0          0      21581   main.o
       370         58          0          4          0       7091   port.o
       710          0          0          0          0       7471   queue.o
       104         38          0          0         32       1263   rtc.o
       748        112        480         31        513     250750   ssd1306.o
        28          8        176          0        512        604   startup_stm32f030x6.o
       122         18          0          4          0       3447   stm32f0xx_hal.o
       644         26          0          0          0       2539   stm32f0xx_hal_adc.o
       148         22          0          0          0       8750   stm32f0xx_hal_cortex.o
       328         26          0          0          0       1564   stm32f0xx_hal_gpio.o
       878         22          0          0          0       8333   stm32f0xx_hal_i2c.o
       146          0          0          0          0       1823   stm32f0xx_hal_i2c_ex.o
        56          6          0          0          0        762   stm32f0xx_hal_msp.o
      1292         86          0          0          0       4342   stm32f0xx_hal_rcc.o
       232         14          0          0          0       1312   stm32f0xx_hal_rcc_ex.o
       464         10          0          0          0       4580   stm32f0xx_hal_rtc.o
        24          0          0          0          0       1196   stm32f0xx_it.o
        92         14         16          4          0       1063   system_stm32f0xx.o
      1608        130          0         60        180      18182   tasks.o

    ----------------------------------------------------------------------
      9622        764        928        220       3124     369351   Object Totals
         0          0         32          0          0          0   (incl. Generated)
        20          0          0          4          3          0   (incl. Padding)

    ----------------------------------------------------------------------

      Code (inc. data)   RO Data    RW Data    ZI Data      Debug   Library Member Name

         0          0          0          0          0          0   entry.o
         0          0          0          0          0          0   entry10a.o
         0          0          0          0          0          0   entry11a.o
         8          4          0          0          0          0   entry2.o
         4          0          0          0          0          0   entry5.o
         0          0          0          0          0          0   entry7b.o
         0          0          0          0          0          0   entry8b.o
         8          4          0          0          0          0   entry9a.o
        30          0          0          0          0          0   handlers.o
        36          8          0          0          0         68   init.o
        36          0          0          0          0         60   memcpya.o
        18          0          0          0          0         60   strcpy.o
        44          0          0          0          0         72   uidiv.o

    ----------------------------------------------------------------------
       186         16          0          0          0        260   Library Totals
         2          0          0          0          0          0   (incl. Padding)

    ----------------------------------------------------------------------

      Code (inc. data)   RO Data    RW Data    ZI Data      Debug   Library Name

       184         16          0          0          0        260   mc_p.l

    ----------------------------------------------------------------------
       186         16          0          0          0        260   Library Totals

    ----------------------------------------------------------------------

==============================================================================


      Code (inc. data)   RO Data    RW Data    ZI Data      Debug   

      9808        780        928        220       3124     365003   Grand Totals
      9808        780        928        220       3124     365003   ELF Image Totals
      9808        780        928        220          0          0   ROM Totals

==============================================================================

    Total RO  Size (Code + RO Data)                10736 (  10.48kB)
    Total RW  Size (RW Data + ZI Data)              3344 (   3.27kB)
    Total ROM Size (Code + RO Data + RW Data)      10956 (  10.70kB)

==============================================================================

